 
****************************************
Report : hierarchy
        -full
Design : DECOMP_TOP
Version: Q-2019.12-SP5-5
Date   : Wed Nov 10 19:23:57 2021
****************************************

Attributes:
    r - licensed design

DECOMP_TOP         r
    DECODER_GROUP                          r
        STP_ADDF_V1_0P5          um28nchslogl35hsl140f_ssgwc0p81vn40c
        STP_AN2_S_0P5            um28nchslogl35hsl140f_ssgwc0p81vn40c
        STP_AN3B_0P5             um28nchslogl35hsl140f_ssgwc0p81vn40c
        STP_AN4B_0P5             um28nchslogl35hsl140f_ssgwc0p81vn40c
        STP_AO2BB2_0P5           um28nchslogl35hsl140f_ssgwc0p81vn40c
        STP_AO21B_1              um28nchslogl35hsl140f_ssgwc0p81vn40c
        STP_AO21_0P5             um28nchslogl35hsl140f_ssgwc0p81vn40c
        STP_AO22_0P5             um28nchslogl35hsl140f_ssgwc0p81vn40c
        STP_AO211_0P5            um28nchslogl35hsl140f_ssgwc0p81vn40c
        STP_AO221_0P5            um28nchslogl35hsl140f_ssgwc0p81vn40c
        STP_AOA211_DG_1          um28nchslogl35hsl140f_ssgwc0p81vn40c
        STP_AOAI211_0P5          um28nchslogl35hsl140f_ssgwc0p81vn40c
        STP_AOI21B_0P5           um28nchslogl35hsl140f_ssgwc0p81vn40c
        STP_AOI21_0P5            um28nchslogl35hsl140f_ssgwc0p81vn40c
        STP_AOI22_0P5            um28nchslogl35hsl140f_ssgwc0p81vn40c
        STP_AOI31_0P5            um28nchslogl35hsl140f_ssgwc0p81vn40c
        STP_AOI32_1              um28nchslogl35hsl140f_ssgwc0p81vn40c
        STP_AOI33_1              um28nchslogl35hsl140f_ssgwc0p81vn40c
        STP_AOI211_0P5           um28nchslogl35hsl140f_ssgwc0p81vn40c
        STP_AOI221_0P5           um28nchslogl35hsl140f_ssgwc0p81vn40c
        STP_AOI222_0P5           um28nchslogl35hsl140f_ssgwc0p81vn40c
        STP_BUF_1                um28nchslogl35hsl140f_ssgwc0p81vn40c
        STP_EO3_0P5              um28nchslogl35hsl140f_ssgwc0p81vn40c
        STP_INV_S_0P5            um28nchslogl35hsl140f_ssgwc0p81vn40c
        STP_MUX2_0P5             um28nchslogl35hsl140f_ssgwc0p81vn40c
        STP_MUXI2_MG_0P5         um28nchslogl35hsl140f_ssgwc0p81vn40c
        STP_ND2B_MM_0P5          um28nchslogl35hsl140f_ssgwc0p81vn40c
        STP_ND2_0P5              um28nchslogl35hsl140f_ssgwc0p81vn40c
        STP_ND3_0P5              um28nchslogl35hsl140f_ssgwc0p81vn40c
        STP_ND4B_1               um28nchslogl35hsl140f_ssgwc0p81vn40c
        STP_ND4_0P5              um28nchslogl35hsl140f_ssgwc0p81vn40c
        STP_NR2B_V1DG_1          um28nchslogl35hsl140f_ssgwc0p81vn40c
        STP_NR2_S_0P8            um28nchslogl35hsl140f_ssgwc0p81vn40c
        STP_NR3_G_0P5            um28nchslogl35hsl140f_ssgwc0p81vn40c
        STP_NR4_0P5              um28nchslogl35hsl140f_ssgwc0p81vn40c
        STP_OA2BB2_0P5           um28nchslogl35hsl140f_ssgwc0p81vn40c
        STP_OA21B_0P5            um28nchslogl35hsl140f_ssgwc0p81vn40c
        STP_OA21_V2_1            um28nchslogl35hsl140f_ssgwc0p81vn40c
        STP_OA22_DG_1            um28nchslogl35hsl140f_ssgwc0p81vn40c
        STP_OA31_1               um28nchslogl35hsl140f_ssgwc0p81vn40c
        STP_OAI21B_0P5           um28nchslogl35hsl140f_ssgwc0p81vn40c
        STP_OAI21_0P5            um28nchslogl35hsl140f_ssgwc0p81vn40c
        STP_OAI22_0P5            um28nchslogl35hsl140f_ssgwc0p81vn40c
        STP_OAI31_G_0P5          um28nchslogl35hsl140f_ssgwc0p81vn40c
        STP_OAI32_1              um28nchslogl35hsl140f_ssgwc0p81vn40c
        STP_OAI211_0P5           um28nchslogl35hsl140f_ssgwc0p81vn40c
        STP_OAI221_0P5           um28nchslogl35hsl140f_ssgwc0p81vn40c
        STP_OAI222_0P75          um28nchslogl35hsl140f_ssgwc0p81vn40c
        STP_OAO211_DG_1          um28nchslogl35hsl140f_ssgwc0p81vn40c
        STP_OAOI211_0P5          um28nchslogl35hsl140f_ssgwc0p81vn40c
        STP_OR2_1                um28nchslogl35hsl140f_ssgwc0p81vn40c
        STP_OR3_L_0P5            um28nchslogl35hsl140f_ssgwc0p81vn40c
        STP_OR4B_1               um28nchslogl35hsl140f_ssgwc0p81vn40c
    STP_ADDH_0P5                 um28nchslogl35hsl140f_ssgwc0p81vn40c
    STP_AN2_1                    um28nchslogl35hsl140f_ssgwc0p81vn40c
    STP_AN2_3                    um28nchslogl35hsl140f_ssgwc0p81vn40c
    STP_AN2_7                    um28nchslogl35hsl140f_ssgwc0p81vn40c
    STP_AN2_MG_0P75              um28nchslogl35hsl140f_ssgwc0p81vn40c
    STP_AN2_S_0P5                um28nchslogl35hsl140f_ssgwc0p81vn40c
    STP_AN3B_0P5                 um28nchslogl35hsl140f_ssgwc0p81vn40c
    STP_AN3_0P5                  um28nchslogl35hsl140f_ssgwc0p81vn40c
    STP_AO2BB2_0P5               um28nchslogl35hsl140f_ssgwc0p81vn40c
    STP_AO2BB2_2                 um28nchslogl35hsl140f_ssgwc0p81vn40c
    STP_AO2BB2_4                 um28nchslogl35hsl140f_ssgwc0p81vn40c
    STP_AO21B_1                  um28nchslogl35hsl140f_ssgwc0p81vn40c
    STP_AO21B_3                  um28nchslogl35hsl140f_ssgwc0p81vn40c
    STP_AO21_0P5                 um28nchslogl35hsl140f_ssgwc0p81vn40c
    STP_AO22_0P5                 um28nchslogl35hsl140f_ssgwc0p81vn40c
    STP_AO31_0P5                 um28nchslogl35hsl140f_ssgwc0p81vn40c
    STP_AO32_0P5                 um28nchslogl35hsl140f_ssgwc0p81vn40c
    STP_AO211_0P5                um28nchslogl35hsl140f_ssgwc0p81vn40c
    STP_AO222_1                  um28nchslogl35hsl140f_ssgwc0p81vn40c
    STP_AOAI211_0P5              um28nchslogl35hsl140f_ssgwc0p81vn40c
    STP_AOI21B_0P5               um28nchslogl35hsl140f_ssgwc0p81vn40c
    STP_AOI21_0P5                um28nchslogl35hsl140f_ssgwc0p81vn40c
    STP_AOI21_1                  um28nchslogl35hsl140f_ssgwc0p81vn40c
    STP_AOI21_2                  um28nchslogl35hsl140f_ssgwc0p81vn40c
    STP_AOI21_8                  um28nchslogl35hsl140f_ssgwc0p81vn40c
    STP_AOI21_16                 um28nchslogl35hsl140f_ssgwc0p81vn40c
    STP_AOI22_0P5                um28nchslogl35hsl140f_ssgwc0p81vn40c
    STP_AOI22_0P75               um28nchslogl35hsl140f_ssgwc0p81vn40c
    STP_AOI22_1                  um28nchslogl35hsl140f_ssgwc0p81vn40c
    STP_AOI31_0P5                um28nchslogl35hsl140f_ssgwc0p81vn40c
    STP_AOI32_1                  um28nchslogl35hsl140f_ssgwc0p81vn40c
    STP_AOI211_0P5               um28nchslogl35hsl140f_ssgwc0p81vn40c
    STP_AOI211_0P75              um28nchslogl35hsl140f_ssgwc0p81vn40c
    STP_AOI211_1                 um28nchslogl35hsl140f_ssgwc0p81vn40c
    STP_AOI211_2                 um28nchslogl35hsl140f_ssgwc0p81vn40c
    STP_AOI211_8                 um28nchslogl35hsl140f_ssgwc0p81vn40c
    STP_AOI221_0P5               um28nchslogl35hsl140f_ssgwc0p81vn40c
    STP_AOI222_0P5               um28nchslogl35hsl140f_ssgwc0p81vn40c
    STP_BUF_1                    um28nchslogl35hsl140f_ssgwc0p81vn40c
    STP_BUF_S_12                 um28nchslogl35hsl140f_ssgwc0p81vn40c
    STP_EO2_0P5                  um28nchslogl35hsl140f_ssgwc0p81vn40c
    STP_EO3_0P5                  um28nchslogl35hsl140f_ssgwc0p81vn40c
    STP_FDPRBQ_1                 um28nchslogl35hsl140f_ssgwc0p81vn40c
    STP_FDPRBQ_V2_1              um28nchslogl35hsl140f_ssgwc0p81vn40c
    STP_FDPRBQ_V2_2              um28nchslogl35hsl140f_ssgwc0p81vn40c
    STP_INV_0P8                  um28nchslogl35hsl140f_ssgwc0p81vn40c
    STP_INV_3                    um28nchslogl35hsl140f_ssgwc0p81vn40c
    STP_INV_4                    um28nchslogl35hsl140f_ssgwc0p81vn40c
    STP_INV_S_0P5                um28nchslogl35hsl140f_ssgwc0p81vn40c
    STP_INV_S_1                  um28nchslogl35hsl140f_ssgwc0p81vn40c
    STP_INV_S_1P5                um28nchslogl35hsl140f_ssgwc0p81vn40c
    STP_INV_S_1P25               um28nchslogl35hsl140f_ssgwc0p81vn40c
    STP_INV_S_2                  um28nchslogl35hsl140f_ssgwc0p81vn40c
    STP_INV_S_9                  um28nchslogl35hsl140f_ssgwc0p81vn40c
    STP_INV_S_10                 um28nchslogl35hsl140f_ssgwc0p81vn40c
    STP_INV_S_20                 um28nchslogl35hsl140f_ssgwc0p81vn40c
    STP_LDPQ_1                   um28nchslogl35hsl140f_ssgwc0p81vn40c
    STP_MUX2_0P5                 um28nchslogl35hsl140f_ssgwc0p81vn40c
    STP_MUXI2_MG_0P5             um28nchslogl35hsl140f_ssgwc0p81vn40c
    STP_ND2B_MM_0P5              um28nchslogl35hsl140f_ssgwc0p81vn40c
    STP_ND2B_V1DG_1              um28nchslogl35hsl140f_ssgwc0p81vn40c
    STP_ND2B_V1DG_8              um28nchslogl35hsl140f_ssgwc0p81vn40c
    STP_ND2_0P5                  um28nchslogl35hsl140f_ssgwc0p81vn40c
    STP_ND2_1P5                  um28nchslogl35hsl140f_ssgwc0p81vn40c
    STP_ND2_5                    um28nchslogl35hsl140f_ssgwc0p81vn40c
    STP_ND2_6                    um28nchslogl35hsl140f_ssgwc0p81vn40c
    STP_ND2_9                    um28nchslogl35hsl140f_ssgwc0p81vn40c
    STP_ND2_10                   um28nchslogl35hsl140f_ssgwc0p81vn40c
    STP_ND2_12                   um28nchslogl35hsl140f_ssgwc0p81vn40c
    STP_ND2_16                   um28nchslogl35hsl140f_ssgwc0p81vn40c
    STP_ND2_24                   um28nchslogl35hsl140f_ssgwc0p81vn40c
    STP_ND2_G_1                  um28nchslogl35hsl140f_ssgwc0p81vn40c
    STP_ND2_G_1P5                um28nchslogl35hsl140f_ssgwc0p81vn40c
    STP_ND2_G_3                  um28nchslogl35hsl140f_ssgwc0p81vn40c
    STP_ND2_G_4                  um28nchslogl35hsl140f_ssgwc0p81vn40c
    STP_ND2_S_0P8                um28nchslogl35hsl140f_ssgwc0p81vn40c
    STP_ND2_S_1P5                um28nchslogl35hsl140f_ssgwc0p81vn40c
    STP_ND2_S_6                  um28nchslogl35hsl140f_ssgwc0p81vn40c
    STP_ND2_S_24                 um28nchslogl35hsl140f_ssgwc0p81vn40c
    STP_ND3_0P5                  um28nchslogl35hsl140f_ssgwc0p81vn40c
    STP_ND3_4                    um28nchslogl35hsl140f_ssgwc0p81vn40c
    STP_ND3_6                    um28nchslogl35hsl140f_ssgwc0p81vn40c
    STP_ND3_8                    um28nchslogl35hsl140f_ssgwc0p81vn40c
    STP_ND4_0P5                  um28nchslogl35hsl140f_ssgwc0p81vn40c
    STP_NR2B_1                   um28nchslogl35hsl140f_ssgwc0p81vn40c
    STP_NR2B_8                   um28nchslogl35hsl140f_ssgwc0p81vn40c
    STP_NR2B_V1DG_1              um28nchslogl35hsl140f_ssgwc0p81vn40c
    STP_NR2B_V1DG_2              um28nchslogl35hsl140f_ssgwc0p81vn40c
    STP_NR2_1                    um28nchslogl35hsl140f_ssgwc0p81vn40c
    STP_NR2_G_0P8                um28nchslogl35hsl140f_ssgwc0p81vn40c
    STP_NR2_S_0P8                um28nchslogl35hsl140f_ssgwc0p81vn40c
    STP_NR2_S_1                  um28nchslogl35hsl140f_ssgwc0p81vn40c
    STP_NR2_S_3                  um28nchslogl35hsl140f_ssgwc0p81vn40c
    STP_NR2_S_4                  um28nchslogl35hsl140f_ssgwc0p81vn40c
    STP_NR2_S_8                  um28nchslogl35hsl140f_ssgwc0p81vn40c
    STP_NR2_S_16                 um28nchslogl35hsl140f_ssgwc0p81vn40c
    STP_NR3_G_0P5                um28nchslogl35hsl140f_ssgwc0p81vn40c
    STP_NR3_G_2                  um28nchslogl35hsl140f_ssgwc0p81vn40c
    STP_NR4_0P5                  um28nchslogl35hsl140f_ssgwc0p81vn40c
    STP_NR4_1                    um28nchslogl35hsl140f_ssgwc0p81vn40c
    STP_NR4_8                    um28nchslogl35hsl140f_ssgwc0p81vn40c
    STP_OA2BB2_0P5               um28nchslogl35hsl140f_ssgwc0p81vn40c
    STP_OA2BB2_1                 um28nchslogl35hsl140f_ssgwc0p81vn40c
    STP_OA21B_0P5                um28nchslogl35hsl140f_ssgwc0p81vn40c
    STP_OA21_V2_1                um28nchslogl35hsl140f_ssgwc0p81vn40c
    STP_OA22_DG_1                um28nchslogl35hsl140f_ssgwc0p81vn40c
    STP_OAI21B_0P5               um28nchslogl35hsl140f_ssgwc0p81vn40c
    STP_OAI21_0P5                um28nchslogl35hsl140f_ssgwc0p81vn40c
    STP_OAI21_1                  um28nchslogl35hsl140f_ssgwc0p81vn40c
    STP_OAI21_1P5                um28nchslogl35hsl140f_ssgwc0p81vn40c
    STP_OAI21_3                  um28nchslogl35hsl140f_ssgwc0p81vn40c
    STP_OAI21_4                  um28nchslogl35hsl140f_ssgwc0p81vn40c
    STP_OAI22_0P5                um28nchslogl35hsl140f_ssgwc0p81vn40c
    STP_OAI22_0P75               um28nchslogl35hsl140f_ssgwc0p81vn40c
    STP_OAI22_2                  um28nchslogl35hsl140f_ssgwc0p81vn40c
    STP_OAI31_G_0P5              um28nchslogl35hsl140f_ssgwc0p81vn40c
    STP_OAI32_1                  um28nchslogl35hsl140f_ssgwc0p81vn40c
    STP_OAI211_0P5               um28nchslogl35hsl140f_ssgwc0p81vn40c
    STP_OAI211_1                 um28nchslogl35hsl140f_ssgwc0p81vn40c
    STP_OAI221_0P5               um28nchslogl35hsl140f_ssgwc0p81vn40c
    STP_OAI222_0P75              um28nchslogl35hsl140f_ssgwc0p81vn40c
    STP_OAO211_DG_1              um28nchslogl35hsl140f_ssgwc0p81vn40c
    STP_OAOI211_0P5              um28nchslogl35hsl140f_ssgwc0p81vn40c
    STP_OAOI211_1                um28nchslogl35hsl140f_ssgwc0p81vn40c
    STP_OAOI211_2                um28nchslogl35hsl140f_ssgwc0p81vn40c
    STP_OAOI211_V2_1             um28nchslogl35hsl140f_ssgwc0p81vn40c
    STP_OAOI211_V2_2             um28nchslogl35hsl140f_ssgwc0p81vn40c
    STP_OR2_1                    um28nchslogl35hsl140f_ssgwc0p81vn40c
    STP_OR3B_0P5                 um28nchslogl35hsl140f_ssgwc0p81vn40c
    STP_OR3B_1                   um28nchslogl35hsl140f_ssgwc0p81vn40c
    STP_OR3B_2                   um28nchslogl35hsl140f_ssgwc0p81vn40c
    STP_OR3B_4                   um28nchslogl35hsl140f_ssgwc0p81vn40c
    STP_OR3B_8                   um28nchslogl35hsl140f_ssgwc0p81vn40c
    STP_OR3_L_0P5                um28nchslogl35hsl140f_ssgwc0p81vn40c
    STP_TIE0_1                   um28nchslogl35hsl140f_ssgwc0p81vn40c
    ZRLE_DECOMP                            r
        STP_ADDF_V1_0P5          um28nchslogl35hsl140f_ssgwc0p81vn40c
        STP_AN2_S_0P5            um28nchslogl35hsl140f_ssgwc0p81vn40c
        STP_AN3_0P5              um28nchslogl35hsl140f_ssgwc0p81vn40c
        STP_AN4B_0P5             um28nchslogl35hsl140f_ssgwc0p81vn40c
        STP_AO2BB2_0P5           um28nchslogl35hsl140f_ssgwc0p81vn40c
        STP_AO21B_1              um28nchslogl35hsl140f_ssgwc0p81vn40c
        STP_AO21_0P5             um28nchslogl35hsl140f_ssgwc0p81vn40c
        STP_AO22_0P5             um28nchslogl35hsl140f_ssgwc0p81vn40c
        STP_AO211_0P5            um28nchslogl35hsl140f_ssgwc0p81vn40c
        STP_AO221_0P5            um28nchslogl35hsl140f_ssgwc0p81vn40c
        STP_AOA211_DG_1          um28nchslogl35hsl140f_ssgwc0p81vn40c
        STP_AOAI211_0P5          um28nchslogl35hsl140f_ssgwc0p81vn40c
        STP_AOI21B_0P5           um28nchslogl35hsl140f_ssgwc0p81vn40c
        STP_AOI21_0P5            um28nchslogl35hsl140f_ssgwc0p81vn40c
        STP_AOI21_1              um28nchslogl35hsl140f_ssgwc0p81vn40c
        STP_AOI22_0P5            um28nchslogl35hsl140f_ssgwc0p81vn40c
        STP_AOI31_0P5            um28nchslogl35hsl140f_ssgwc0p81vn40c
        STP_AOI32_1              um28nchslogl35hsl140f_ssgwc0p81vn40c
        STP_AOI211_0P5           um28nchslogl35hsl140f_ssgwc0p81vn40c
        STP_AOI221_0P5           um28nchslogl35hsl140f_ssgwc0p81vn40c
        STP_AOI222_0P5           um28nchslogl35hsl140f_ssgwc0p81vn40c
        STP_BUF_1                um28nchslogl35hsl140f_ssgwc0p81vn40c
        STP_EN2_0P5              um28nchslogl35hsl140f_ssgwc0p81vn40c
        STP_EO2_0P5              um28nchslogl35hsl140f_ssgwc0p81vn40c
        STP_FDPRBQ_1             um28nchslogl35hsl140f_ssgwc0p81vn40c
        STP_FDPRBQ_V2_1          um28nchslogl35hsl140f_ssgwc0p81vn40c
        STP_INV_S_0P5            um28nchslogl35hsl140f_ssgwc0p81vn40c
        STP_MUX2_0P5             um28nchslogl35hsl140f_ssgwc0p81vn40c
        STP_MUXI2_MG_0P5         um28nchslogl35hsl140f_ssgwc0p81vn40c
        STP_ND2B_MM_0P5          um28nchslogl35hsl140f_ssgwc0p81vn40c
        STP_ND2_0P5              um28nchslogl35hsl140f_ssgwc0p81vn40c
        STP_ND2_S_0P8            um28nchslogl35hsl140f_ssgwc0p81vn40c
        STP_ND3_0P5              um28nchslogl35hsl140f_ssgwc0p81vn40c
        STP_ND4_0P5              um28nchslogl35hsl140f_ssgwc0p81vn40c
        STP_NR2B_V1DG_1          um28nchslogl35hsl140f_ssgwc0p81vn40c
        STP_NR2_S_0P8            um28nchslogl35hsl140f_ssgwc0p81vn40c
        STP_NR2_S_16             um28nchslogl35hsl140f_ssgwc0p81vn40c
        STP_NR3B_MG_0P75         um28nchslogl35hsl140f_ssgwc0p81vn40c
        STP_NR3_G_0P5            um28nchslogl35hsl140f_ssgwc0p81vn40c
        STP_NR4_0P5              um28nchslogl35hsl140f_ssgwc0p81vn40c
        STP_OA2BB2_0P5           um28nchslogl35hsl140f_ssgwc0p81vn40c
        STP_OA21B_0P5            um28nchslogl35hsl140f_ssgwc0p81vn40c
        STP_OA22_DG_1            um28nchslogl35hsl140f_ssgwc0p81vn40c
        STP_OAI21B_0P5           um28nchslogl35hsl140f_ssgwc0p81vn40c
        STP_OAI21_0P5            um28nchslogl35hsl140f_ssgwc0p81vn40c
        STP_OAI21_1P5            um28nchslogl35hsl140f_ssgwc0p81vn40c
        STP_OAI22_0P5            um28nchslogl35hsl140f_ssgwc0p81vn40c
        STP_OAI31_G_0P5          um28nchslogl35hsl140f_ssgwc0p81vn40c
        STP_OAI32_1              um28nchslogl35hsl140f_ssgwc0p81vn40c
        STP_OAI211_0P5           um28nchslogl35hsl140f_ssgwc0p81vn40c
        STP_OAI221_0P5           um28nchslogl35hsl140f_ssgwc0p81vn40c
        STP_OAI222_0P75          um28nchslogl35hsl140f_ssgwc0p81vn40c
        STP_OAO211_DG_1          um28nchslogl35hsl140f_ssgwc0p81vn40c
        STP_OAOI211_0P5          um28nchslogl35hsl140f_ssgwc0p81vn40c
        STP_OR2_1                um28nchslogl35hsl140f_ssgwc0p81vn40c
        STP_OR3B_0P5             um28nchslogl35hsl140f_ssgwc0p81vn40c
        STP_OR4B_1               um28nchslogl35hsl140f_ssgwc0p81vn40c
1
