 
****************************************
Report : area
Design : DECOMP_TOP
Version: Q-2019.12-SP5-5
Date   : Wed Nov 10 19:23:57 2021
****************************************

Library(s) Used:

    um28nchslogl35hsl140f_ssgwc0p81vn40c (File: /media/0/LogicLibraries/UMC/28nm/35hs/hsl/svt/latest/liberty/logic_synth/um28nchslogl35hsl140f_ssgwc0p81vn40c.db)

Number of ports:                          814
Number of nets:                         17983
Number of cells:                        17227
Number of combinational cells:          15834
Number of sequential cells:              1391
Number of macros/black boxes:               0
Number of buf/inv:                       1713
Number of references:                     137

Combinational area:              12182.855799
Buf/Inv area:                      609.671993
Noncombinational area:            4190.087903
Macro/Black Box area:                0.000000
Net Interconnect area:      undefined  (Wire load has zero net area)

Total cell area:                 16372.943702
Total area:                 undefined

The above information was reported from the logical library. The following are from the physical library:

Hierarchical area distribution
------------------------------

                                  Global cell area            Local cell area
                                  -------------------  ----------------------------- 
Hierarchical cell                 Absolute    Percent  Combi-      Noncombi-  Black-
                                  Total       Total    national    national   boxes   Design
--------------------------------  ----------  -------  ----------  ---------  ------  -------------
DECOMP_TOP                        16372.9437    100.0   7843.4159  3574.3679  0.0000  DECOMP_TOP
BPC_DECOMP_ENGINE/DEC_GRP          2652.2160     16.2   2652.2160     0.0000  0.0000  DECODER_GROUP
ZRL_DECOMP_ENGINE                  2302.9440     14.1   1687.2240   615.7200  0.0000  ZRLE_DECOMP
--------------------------------  ----------  -------  ----------  ---------  ------  -------------
Total                                                  12182.8558  4190.0879  0.0000

1
