 
****************************************
Report : hierarchy
        -full
Design : COMP_TOP
Version: Q-2019.12-SP5-5
Date   : Wed Nov 10 16:56:55 2021
****************************************

Attributes:
    r - licensed design

COMP_TOP           r
    BPC_CODEBUF                                                 r
        STM_ADDF_V1_0P5                               um28nchhlogl35hsl140f_ssgwc0p81vn40c
        STM_AN2_S_0P5                                 um28nchhlogl35hsl140f_ssgwc0p81vn40c
        STM_AO2BB2_0P5                                um28nchhlogl35hsl140f_ssgwc0p81vn40c
        STM_AO21B_1                                   um28nchhlogl35hsl140f_ssgwc0p81vn40c
        STM_AO21_0P5                                  um28nchhlogl35hsl140f_ssgwc0p81vn40c
        STM_AO22_0P5                                  um28nchhlogl35hsl140f_ssgwc0p81vn40c
        STM_AO211_0P5                                 um28nchhlogl35hsl140f_ssgwc0p81vn40c
        STM_AOA211_DG_1                               um28nchhlogl35hsl140f_ssgwc0p81vn40c
        STM_AOAI211_0P5                               um28nchhlogl35hsl140f_ssgwc0p81vn40c
        STM_AOI21B_0P5                                um28nchhlogl35hsl140f_ssgwc0p81vn40c
        STM_AOI21_0P5                                 um28nchhlogl35hsl140f_ssgwc0p81vn40c
        STM_AOI22_0P5                                 um28nchhlogl35hsl140f_ssgwc0p81vn40c
        STM_AOI31_0P5                                 um28nchhlogl35hsl140f_ssgwc0p81vn40c
        STM_AOI32_1                                   um28nchhlogl35hsl140f_ssgwc0p81vn40c
        STM_AOI211_0P5                                um28nchhlogl35hsl140f_ssgwc0p81vn40c
        STM_AOI221_0P5                                um28nchhlogl35hsl140f_ssgwc0p81vn40c
        STM_AOI222_0P5                                um28nchhlogl35hsl140f_ssgwc0p81vn40c
        STM_BUF_1                                     um28nchhlogl35hsl140f_ssgwc0p81vn40c
        STM_FDPRBQ_1                                  um28nchhlogl35hsl140f_ssgwc0p81vn40c
        STM_FDPRBQ_V2_1                               um28nchhlogl35hsl140f_ssgwc0p81vn40c
        STM_INV_0P5                                   um28nchhlogl35hsl140f_ssgwc0p81vn40c
        STM_LDPQ_1                                    um28nchhlogl35hsl140f_ssgwc0p81vn40c
        STM_MUX2_0P5                                  um28nchhlogl35hsl140f_ssgwc0p81vn40c
        STM_MUXI2_MG_0P5                              um28nchhlogl35hsl140f_ssgwc0p81vn40c
        STM_ND2B_MM_0P5                               um28nchhlogl35hsl140f_ssgwc0p81vn40c
        STM_ND2_0P5                                   um28nchhlogl35hsl140f_ssgwc0p81vn40c
        STM_ND3_0P5                                   um28nchhlogl35hsl140f_ssgwc0p81vn40c
        STM_ND4_0P5                                   um28nchhlogl35hsl140f_ssgwc0p81vn40c
        STM_NR2B_V1DG_1                               um28nchhlogl35hsl140f_ssgwc0p81vn40c
        STM_NR2_S_0P8                                 um28nchhlogl35hsl140f_ssgwc0p81vn40c
        STM_NR3_G_0P5                                 um28nchhlogl35hsl140f_ssgwc0p81vn40c
        STM_NR4_0P5                                   um28nchhlogl35hsl140f_ssgwc0p81vn40c
        STM_OA2BB2_0P5                                um28nchhlogl35hsl140f_ssgwc0p81vn40c
        STM_OA21B_0P5                                 um28nchhlogl35hsl140f_ssgwc0p81vn40c
        STM_OA21_1                                    um28nchhlogl35hsl140f_ssgwc0p81vn40c
        STM_OA22_DG_1                                 um28nchhlogl35hsl140f_ssgwc0p81vn40c
        STM_OAI21B_0P5                                um28nchhlogl35hsl140f_ssgwc0p81vn40c
        STM_OAI21_0P5                                 um28nchhlogl35hsl140f_ssgwc0p81vn40c
        STM_OAI21_1                                   um28nchhlogl35hsl140f_ssgwc0p81vn40c
        STM_OAI22_0P5                                 um28nchhlogl35hsl140f_ssgwc0p81vn40c
        STM_OAI31_G_0P5                               um28nchhlogl35hsl140f_ssgwc0p81vn40c
        STM_OAI32_1                                   um28nchhlogl35hsl140f_ssgwc0p81vn40c
        STM_OAI211_0P5                                um28nchhlogl35hsl140f_ssgwc0p81vn40c
        STM_OAI221_0P5                                um28nchhlogl35hsl140f_ssgwc0p81vn40c
        STM_OAI222_0P75                               um28nchhlogl35hsl140f_ssgwc0p81vn40c
        STM_OAO211_DG_1                               um28nchhlogl35hsl140f_ssgwc0p81vn40c
        STM_OAOI211_0P5                               um28nchhlogl35hsl140f_ssgwc0p81vn40c
        STM_OR2_1                                     um28nchhlogl35hsl140f_ssgwc0p81vn40c
        STM_OR3_L_0P5                                 um28nchhlogl35hsl140f_ssgwc0p81vn40c
    BPC_ENGINE                                                  r
        DBX_ENC_0
            STM_AN2_S_0P5                             um28nchhlogl35hsl140f_ssgwc0p81vn40c
            STM_AN3B_0P5                              um28nchhlogl35hsl140f_ssgwc0p81vn40c
            STM_AN3_0P5                               um28nchhlogl35hsl140f_ssgwc0p81vn40c
            STM_AN4B_0P5                              um28nchhlogl35hsl140f_ssgwc0p81vn40c
            STM_AO2BB2_0P5                            um28nchhlogl35hsl140f_ssgwc0p81vn40c
            STM_AOAI211_0P5                           um28nchhlogl35hsl140f_ssgwc0p81vn40c
            STM_AOI21_0P5                             um28nchhlogl35hsl140f_ssgwc0p81vn40c
            STM_AOI22_0P5                             um28nchhlogl35hsl140f_ssgwc0p81vn40c
            STM_AOI31_0P5                             um28nchhlogl35hsl140f_ssgwc0p81vn40c
            STM_AOI211_0P5                            um28nchhlogl35hsl140f_ssgwc0p81vn40c
            STM_INV_0P5                               um28nchhlogl35hsl140f_ssgwc0p81vn40c
            STM_ND2B_MM_0P5                           um28nchhlogl35hsl140f_ssgwc0p81vn40c
            STM_ND2_0P5                               um28nchhlogl35hsl140f_ssgwc0p81vn40c
            STM_ND3B_0P5                              um28nchhlogl35hsl140f_ssgwc0p81vn40c
            STM_ND3_0P5                               um28nchhlogl35hsl140f_ssgwc0p81vn40c
            STM_ND4B_1                                um28nchhlogl35hsl140f_ssgwc0p81vn40c
            STM_ND4_0P5                               um28nchhlogl35hsl140f_ssgwc0p81vn40c
            STM_NR2B_V1DG_1                           um28nchhlogl35hsl140f_ssgwc0p81vn40c
            STM_NR2_S_0P8                             um28nchhlogl35hsl140f_ssgwc0p81vn40c
            STM_NR3B_MG_0P75                          um28nchhlogl35hsl140f_ssgwc0p81vn40c
            STM_NR3_G_0P5                             um28nchhlogl35hsl140f_ssgwc0p81vn40c
            STM_NR4BB_0P5                             um28nchhlogl35hsl140f_ssgwc0p81vn40c
            STM_NR4B_1                                um28nchhlogl35hsl140f_ssgwc0p81vn40c
            STM_NR4_0P5                               um28nchhlogl35hsl140f_ssgwc0p81vn40c
            STM_OA21B_0P5                             um28nchhlogl35hsl140f_ssgwc0p81vn40c
            STM_OAI22_0P5                             um28nchhlogl35hsl140f_ssgwc0p81vn40c
            STM_OAI31_G_0P5                           um28nchhlogl35hsl140f_ssgwc0p81vn40c
            STM_OAI211_0P5                            um28nchhlogl35hsl140f_ssgwc0p81vn40c
            STM_OAO211_DG_1                           um28nchhlogl35hsl140f_ssgwc0p81vn40c
            STM_OAOI211_0P5                           um28nchhlogl35hsl140f_ssgwc0p81vn40c
            STM_OR2_1                                 um28nchhlogl35hsl140f_ssgwc0p81vn40c
            STM_OR3B_0P5                              um28nchhlogl35hsl140f_ssgwc0p81vn40c
        DBX_ENC_1
            STM_AN2_S_0P5                             um28nchhlogl35hsl140f_ssgwc0p81vn40c
            STM_AN3B_0P5                              um28nchhlogl35hsl140f_ssgwc0p81vn40c
            STM_AN3_0P5                               um28nchhlogl35hsl140f_ssgwc0p81vn40c
            STM_AN4B_0P5                              um28nchhlogl35hsl140f_ssgwc0p81vn40c
            STM_AO2BB2_0P5                            um28nchhlogl35hsl140f_ssgwc0p81vn40c
            STM_AOAI211_0P5                           um28nchhlogl35hsl140f_ssgwc0p81vn40c
            STM_AOI21_0P5                             um28nchhlogl35hsl140f_ssgwc0p81vn40c
            STM_AOI22_0P5                             um28nchhlogl35hsl140f_ssgwc0p81vn40c
            STM_AOI31_0P5                             um28nchhlogl35hsl140f_ssgwc0p81vn40c
            STM_AOI211_0P5                            um28nchhlogl35hsl140f_ssgwc0p81vn40c
            STM_INV_0P5                               um28nchhlogl35hsl140f_ssgwc0p81vn40c
            STM_ND2B_MM_0P5                           um28nchhlogl35hsl140f_ssgwc0p81vn40c
            STM_ND2_0P5                               um28nchhlogl35hsl140f_ssgwc0p81vn40c
            STM_ND3B_0P5                              um28nchhlogl35hsl140f_ssgwc0p81vn40c
            STM_ND3_0P5                               um28nchhlogl35hsl140f_ssgwc0p81vn40c
            STM_ND4B_1                                um28nchhlogl35hsl140f_ssgwc0p81vn40c
            STM_ND4_0P5                               um28nchhlogl35hsl140f_ssgwc0p81vn40c
            STM_NR2B_V1DG_1                           um28nchhlogl35hsl140f_ssgwc0p81vn40c
            STM_NR2_S_0P8                             um28nchhlogl35hsl140f_ssgwc0p81vn40c
            STM_NR3B_MG_0P75                          um28nchhlogl35hsl140f_ssgwc0p81vn40c
            STM_NR3_G_0P5                             um28nchhlogl35hsl140f_ssgwc0p81vn40c
            STM_NR4BB_0P5                             um28nchhlogl35hsl140f_ssgwc0p81vn40c
            STM_NR4B_1                                um28nchhlogl35hsl140f_ssgwc0p81vn40c
            STM_NR4_0P5                               um28nchhlogl35hsl140f_ssgwc0p81vn40c
            STM_OA21B_0P5                             um28nchhlogl35hsl140f_ssgwc0p81vn40c
            STM_OAI22_0P5                             um28nchhlogl35hsl140f_ssgwc0p81vn40c
            STM_OAI31_G_0P5                           um28nchhlogl35hsl140f_ssgwc0p81vn40c
            STM_OAI211_0P5                            um28nchhlogl35hsl140f_ssgwc0p81vn40c
            STM_OAO211_DG_1                           um28nchhlogl35hsl140f_ssgwc0p81vn40c
            STM_OAOI211_0P5                           um28nchhlogl35hsl140f_ssgwc0p81vn40c
            STM_OR2_1                                 um28nchhlogl35hsl140f_ssgwc0p81vn40c
            STM_OR3B_0P5                              um28nchhlogl35hsl140f_ssgwc0p81vn40c
        STM_ADDF_V1_0P5                               um28nchhlogl35hsl140f_ssgwc0p81vn40c
        STM_ADDF_V1_1                                 um28nchhlogl35hsl140f_ssgwc0p81vn40c
        STM_AN2_S_0P5                                 um28nchhlogl35hsl140f_ssgwc0p81vn40c
        STM_AN3B_0P5                                  um28nchhlogl35hsl140f_ssgwc0p81vn40c
        STM_AO2BB2_0P5                                um28nchhlogl35hsl140f_ssgwc0p81vn40c
        STM_AO21B_1                                   um28nchhlogl35hsl140f_ssgwc0p81vn40c
        STM_AO21_0P5                                  um28nchhlogl35hsl140f_ssgwc0p81vn40c
        STM_AO22_0P5                                  um28nchhlogl35hsl140f_ssgwc0p81vn40c
        STM_AO32_0P5                                  um28nchhlogl35hsl140f_ssgwc0p81vn40c
        STM_AO221_0P5                                 um28nchhlogl35hsl140f_ssgwc0p81vn40c
        STM_AOA211_DG_1                               um28nchhlogl35hsl140f_ssgwc0p81vn40c
        STM_AOAI211_0P5                               um28nchhlogl35hsl140f_ssgwc0p81vn40c
        STM_AOI21_0P5                                 um28nchhlogl35hsl140f_ssgwc0p81vn40c
        STM_AOI22_0P5                                 um28nchhlogl35hsl140f_ssgwc0p81vn40c
        STM_AOI31_0P5                                 um28nchhlogl35hsl140f_ssgwc0p81vn40c
        STM_AOI32_1                                   um28nchhlogl35hsl140f_ssgwc0p81vn40c
        STM_AOI211_0P5                                um28nchhlogl35hsl140f_ssgwc0p81vn40c
        STM_AOI221_0P5                                um28nchhlogl35hsl140f_ssgwc0p81vn40c
        STM_AOI222_0P5                                um28nchhlogl35hsl140f_ssgwc0p81vn40c
        STM_BUF_1                                     um28nchhlogl35hsl140f_ssgwc0p81vn40c
        STM_EO3_0P5                                   um28nchhlogl35hsl140f_ssgwc0p81vn40c
        STM_FDPRBQ_1                                  um28nchhlogl35hsl140f_ssgwc0p81vn40c
        STM_FDPRBQ_V2_1                               um28nchhlogl35hsl140f_ssgwc0p81vn40c
        STM_INV_0P5                                   um28nchhlogl35hsl140f_ssgwc0p81vn40c
        STM_INV_0P8                                   um28nchhlogl35hsl140f_ssgwc0p81vn40c
        STM_LDPQ_1                                    um28nchhlogl35hsl140f_ssgwc0p81vn40c
        STM_MUX2_0P5                                  um28nchhlogl35hsl140f_ssgwc0p81vn40c
        STM_ND2B_MM_0P5                               um28nchhlogl35hsl140f_ssgwc0p81vn40c
        STM_ND2_0P5                                   um28nchhlogl35hsl140f_ssgwc0p81vn40c
        STM_ND3B_0P5                                  um28nchhlogl35hsl140f_ssgwc0p81vn40c
        STM_ND3_0P5                                   um28nchhlogl35hsl140f_ssgwc0p81vn40c
        STM_ND4_0P5                                   um28nchhlogl35hsl140f_ssgwc0p81vn40c
        STM_NR2B_V1DG_1                               um28nchhlogl35hsl140f_ssgwc0p81vn40c
        STM_NR2_S_0P8                                 um28nchhlogl35hsl140f_ssgwc0p81vn40c
        STM_NR2_S_1                                   um28nchhlogl35hsl140f_ssgwc0p81vn40c
        STM_NR3_G_0P5                                 um28nchhlogl35hsl140f_ssgwc0p81vn40c
        STM_NR3_G_1                                   um28nchhlogl35hsl140f_ssgwc0p81vn40c
        STM_NR4_0P5                                   um28nchhlogl35hsl140f_ssgwc0p81vn40c
        STM_OA2BB2_0P5                                um28nchhlogl35hsl140f_ssgwc0p81vn40c
        STM_OA21B_0P5                                 um28nchhlogl35hsl140f_ssgwc0p81vn40c
        STM_OA21_1                                    um28nchhlogl35hsl140f_ssgwc0p81vn40c
        STM_OA22_DG_1                                 um28nchhlogl35hsl140f_ssgwc0p81vn40c
        STM_OAI21B_0P5                                um28nchhlogl35hsl140f_ssgwc0p81vn40c
        STM_OAI21_0P5                                 um28nchhlogl35hsl140f_ssgwc0p81vn40c
        STM_OAI22_0P5                                 um28nchhlogl35hsl140f_ssgwc0p81vn40c
        STM_OAI31_G_0P5                               um28nchhlogl35hsl140f_ssgwc0p81vn40c
        STM_OAI32_1                                   um28nchhlogl35hsl140f_ssgwc0p81vn40c
        STM_OAI211_0P5                                um28nchhlogl35hsl140f_ssgwc0p81vn40c
        STM_OAI222_0P75                               um28nchhlogl35hsl140f_ssgwc0p81vn40c
        STM_OAO211_DG_1                               um28nchhlogl35hsl140f_ssgwc0p81vn40c
        STM_OAOI211_0P5                               um28nchhlogl35hsl140f_ssgwc0p81vn40c
        STM_OR2_1                                     um28nchhlogl35hsl140f_ssgwc0p81vn40c
        STM_OR3B_0P5                                  um28nchhlogl35hsl140f_ssgwc0p81vn40c
        STM_OR3_L_0P5                                 um28nchhlogl35hsl140f_ssgwc0p81vn40c
        STM_OR4B_1                                    um28nchhlogl35hsl140f_ssgwc0p81vn40c
        STP_NR2_S_1                                   um28nchslogl35hsl140f_ssgwc0p81vn40c
    FIFO_BITWIDTH64_STAGE16_STAGE_BITWIDTH4_0                   r
        MEMORY_ARRAY_BITWIDTH64_STAGE16_0
            STM_AN2_S_0P5                             um28nchhlogl35hsl140f_ssgwc0p81vn40c
            STM_AN3B_0P5                              um28nchhlogl35hsl140f_ssgwc0p81vn40c
            STM_AN3_0P5                               um28nchhlogl35hsl140f_ssgwc0p81vn40c
            STM_AO2BB2_0P5                            um28nchhlogl35hsl140f_ssgwc0p81vn40c
            STM_AOI22_0P5                             um28nchhlogl35hsl140f_ssgwc0p81vn40c
            STM_BUF_1                                 um28nchhlogl35hsl140f_ssgwc0p81vn40c
            STM_FDPQ_1                                um28nchhlogl35hsl140f_ssgwc0p81vn40c
            STM_INV_0P5                               um28nchhlogl35hsl140f_ssgwc0p81vn40c
            STM_ND2B_MM_0P5                           um28nchhlogl35hsl140f_ssgwc0p81vn40c
            STM_ND2_0P5                               um28nchhlogl35hsl140f_ssgwc0p81vn40c
            STM_ND4_0P5                               um28nchhlogl35hsl140f_ssgwc0p81vn40c
            STM_NR2B_V1DG_1                           um28nchhlogl35hsl140f_ssgwc0p81vn40c
            STM_NR2_S_0P8                             um28nchhlogl35hsl140f_ssgwc0p81vn40c
            STM_NR3B_MG_0P75                          um28nchhlogl35hsl140f_ssgwc0p81vn40c
            STM_OR2_1                                 um28nchhlogl35hsl140f_ssgwc0p81vn40c
        STM_ADDH_0P5                                  um28nchhlogl35hsl140f_ssgwc0p81vn40c
        STM_AO2BB2_0P5                                um28nchhlogl35hsl140f_ssgwc0p81vn40c
        STM_AOA211_DG_1                               um28nchhlogl35hsl140f_ssgwc0p81vn40c
        STM_AOI21_0P5                                 um28nchhlogl35hsl140f_ssgwc0p81vn40c
        STM_AOI22_0P5                                 um28nchhlogl35hsl140f_ssgwc0p81vn40c
        STM_AOI221_0P5                                um28nchhlogl35hsl140f_ssgwc0p81vn40c
        STM_FDPRBQ_1                                  um28nchhlogl35hsl140f_ssgwc0p81vn40c
        STM_FDPRBQ_V2_1                               um28nchhlogl35hsl140f_ssgwc0p81vn40c
        STM_INV_0P5                                   um28nchhlogl35hsl140f_ssgwc0p81vn40c
        STM_ND2_0P5                                   um28nchhlogl35hsl140f_ssgwc0p81vn40c
        STM_ND3_0P5                                   um28nchhlogl35hsl140f_ssgwc0p81vn40c
        STM_NR2B_V1DG_1                               um28nchhlogl35hsl140f_ssgwc0p81vn40c
        STM_NR2_S_0P8                                 um28nchhlogl35hsl140f_ssgwc0p81vn40c
        STM_OA2BB2_0P5                                um28nchhlogl35hsl140f_ssgwc0p81vn40c
        STM_OA21_1                                    um28nchhlogl35hsl140f_ssgwc0p81vn40c
        STM_OAI21_0P5                                 um28nchhlogl35hsl140f_ssgwc0p81vn40c
        STM_OAI221_0P5                                um28nchhlogl35hsl140f_ssgwc0p81vn40c
        STQ_TIE0_1                                    um28nchllogl35hsl140f_ssgwc0p81vn40c
    FIFO_BITWIDTH64_STAGE16_STAGE_BITWIDTH4_1                   r
        MEMORY_ARRAY_BITWIDTH64_STAGE16_1
            STM_AN2_S_0P5                             um28nchhlogl35hsl140f_ssgwc0p81vn40c
            STM_AN3B_0P5                              um28nchhlogl35hsl140f_ssgwc0p81vn40c
            STM_AN3_0P5                               um28nchhlogl35hsl140f_ssgwc0p81vn40c
            STM_AO2BB2_0P5                            um28nchhlogl35hsl140f_ssgwc0p81vn40c
            STM_AOI22_0P5                             um28nchhlogl35hsl140f_ssgwc0p81vn40c
            STM_BUF_1                                 um28nchhlogl35hsl140f_ssgwc0p81vn40c
            STM_FDPQ_1                                um28nchhlogl35hsl140f_ssgwc0p81vn40c
            STM_INV_0P5                               um28nchhlogl35hsl140f_ssgwc0p81vn40c
            STM_ND2B_MM_0P5                           um28nchhlogl35hsl140f_ssgwc0p81vn40c
            STM_ND2_0P5                               um28nchhlogl35hsl140f_ssgwc0p81vn40c
            STM_ND4_0P5                               um28nchhlogl35hsl140f_ssgwc0p81vn40c
            STM_NR2B_V1DG_1                           um28nchhlogl35hsl140f_ssgwc0p81vn40c
            STM_NR2_S_0P8                             um28nchhlogl35hsl140f_ssgwc0p81vn40c
            STM_NR3B_MG_0P75                          um28nchhlogl35hsl140f_ssgwc0p81vn40c
            STM_OR2_1                                 um28nchhlogl35hsl140f_ssgwc0p81vn40c
        STM_ADDH_0P5                                  um28nchhlogl35hsl140f_ssgwc0p81vn40c
        STM_AO2BB2_0P5                                um28nchhlogl35hsl140f_ssgwc0p81vn40c
        STM_AOA211_DG_1                               um28nchhlogl35hsl140f_ssgwc0p81vn40c
        STM_AOI21_0P5                                 um28nchhlogl35hsl140f_ssgwc0p81vn40c
        STM_AOI22_0P5                                 um28nchhlogl35hsl140f_ssgwc0p81vn40c
        STM_AOI221_0P5                                um28nchhlogl35hsl140f_ssgwc0p81vn40c
        STM_FDPRBQ_1                                  um28nchhlogl35hsl140f_ssgwc0p81vn40c
        STM_FDPRBQ_V2_1                               um28nchhlogl35hsl140f_ssgwc0p81vn40c
        STM_INV_0P5                                   um28nchhlogl35hsl140f_ssgwc0p81vn40c
        STM_ND2_0P5                                   um28nchhlogl35hsl140f_ssgwc0p81vn40c
        STM_ND3_0P5                                   um28nchhlogl35hsl140f_ssgwc0p81vn40c
        STM_NR2B_V1DG_1                               um28nchhlogl35hsl140f_ssgwc0p81vn40c
        STM_NR2_S_0P8                                 um28nchhlogl35hsl140f_ssgwc0p81vn40c
        STM_OA2BB2_0P5                                um28nchhlogl35hsl140f_ssgwc0p81vn40c
        STM_OA21_1                                    um28nchhlogl35hsl140f_ssgwc0p81vn40c
        STM_OAI21_0P5                                 um28nchhlogl35hsl140f_ssgwc0p81vn40c
        STM_OAI221_0P5                                um28nchhlogl35hsl140f_ssgwc0p81vn40c
        STQ_TIE0_1                                    um28nchllogl35hsl140f_ssgwc0p81vn40c
    FIFO_BITWIDTH64_STAGE16_STAGE_BITWIDTH4_2                   r
        MEMORY_ARRAY_BITWIDTH64_STAGE16_2
            STM_AN2_S_0P5                             um28nchhlogl35hsl140f_ssgwc0p81vn40c
            STM_AN3B_0P5                              um28nchhlogl35hsl140f_ssgwc0p81vn40c
            STM_AN3_0P5                               um28nchhlogl35hsl140f_ssgwc0p81vn40c
            STM_AO2BB2_0P5                            um28nchhlogl35hsl140f_ssgwc0p81vn40c
            STM_AOI22_0P5                             um28nchhlogl35hsl140f_ssgwc0p81vn40c
            STM_BUF_1                                 um28nchhlogl35hsl140f_ssgwc0p81vn40c
            STM_FDPQ_1                                um28nchhlogl35hsl140f_ssgwc0p81vn40c
            STM_INV_0P5                               um28nchhlogl35hsl140f_ssgwc0p81vn40c
            STM_ND2B_MM_0P5                           um28nchhlogl35hsl140f_ssgwc0p81vn40c
            STM_ND2_0P5                               um28nchhlogl35hsl140f_ssgwc0p81vn40c
            STM_ND4_0P5                               um28nchhlogl35hsl140f_ssgwc0p81vn40c
            STM_NR2B_V1DG_1                           um28nchhlogl35hsl140f_ssgwc0p81vn40c
            STM_NR2_S_0P8                             um28nchhlogl35hsl140f_ssgwc0p81vn40c
            STM_NR3B_MG_0P75                          um28nchhlogl35hsl140f_ssgwc0p81vn40c
            STM_OR2_1                                 um28nchhlogl35hsl140f_ssgwc0p81vn40c
        STM_ADDH_0P5                                  um28nchhlogl35hsl140f_ssgwc0p81vn40c
        STM_AO2BB2_0P5                                um28nchhlogl35hsl140f_ssgwc0p81vn40c
        STM_AOA211_DG_1                               um28nchhlogl35hsl140f_ssgwc0p81vn40c
        STM_AOI21_0P5                                 um28nchhlogl35hsl140f_ssgwc0p81vn40c
        STM_AOI22_0P5                                 um28nchhlogl35hsl140f_ssgwc0p81vn40c
        STM_AOI221_0P5                                um28nchhlogl35hsl140f_ssgwc0p81vn40c
        STM_FDPRBQ_1                                  um28nchhlogl35hsl140f_ssgwc0p81vn40c
        STM_FDPRBQ_V2_1                               um28nchhlogl35hsl140f_ssgwc0p81vn40c
        STM_INV_0P5                                   um28nchhlogl35hsl140f_ssgwc0p81vn40c
        STM_ND2_0P5                                   um28nchhlogl35hsl140f_ssgwc0p81vn40c
        STM_ND3_0P5                                   um28nchhlogl35hsl140f_ssgwc0p81vn40c
        STM_NR2B_V1DG_1                               um28nchhlogl35hsl140f_ssgwc0p81vn40c
        STM_NR2_S_0P8                                 um28nchhlogl35hsl140f_ssgwc0p81vn40c
        STM_OA2BB2_0P5                                um28nchhlogl35hsl140f_ssgwc0p81vn40c
        STM_OA21_1                                    um28nchhlogl35hsl140f_ssgwc0p81vn40c
        STM_OAI21_0P5                                 um28nchhlogl35hsl140f_ssgwc0p81vn40c
        STM_OAI221_0P5                                um28nchhlogl35hsl140f_ssgwc0p81vn40c
        STQ_TIE0_1                                    um28nchllogl35hsl140f_ssgwc0p81vn40c
    STM_ADDF_V1_0P5                                   um28nchhlogl35hsl140f_ssgwc0p81vn40c
    STM_ADDH_0P5                                      um28nchhlogl35hsl140f_ssgwc0p81vn40c
    STM_AN2_S_0P5                                     um28nchhlogl35hsl140f_ssgwc0p81vn40c
    STM_AN4B_0P5                                      um28nchhlogl35hsl140f_ssgwc0p81vn40c
    STM_AN4_L_0P5                                     um28nchhlogl35hsl140f_ssgwc0p81vn40c
    STM_AO2BB2_0P5                                    um28nchhlogl35hsl140f_ssgwc0p81vn40c
    STM_AO21B_1                                       um28nchhlogl35hsl140f_ssgwc0p81vn40c
    STM_AO21_0P5                                      um28nchhlogl35hsl140f_ssgwc0p81vn40c
    STM_AO22_0P5                                      um28nchhlogl35hsl140f_ssgwc0p81vn40c
    STM_AO31_0P5                                      um28nchhlogl35hsl140f_ssgwc0p81vn40c
    STM_AO32_0P5                                      um28nchhlogl35hsl140f_ssgwc0p81vn40c
    STM_AO211_0P5                                     um28nchhlogl35hsl140f_ssgwc0p81vn40c
    STM_AO221_0P5                                     um28nchhlogl35hsl140f_ssgwc0p81vn40c
    STM_AOA211_DG_1                                   um28nchhlogl35hsl140f_ssgwc0p81vn40c
    STM_AOAI211_0P5                                   um28nchhlogl35hsl140f_ssgwc0p81vn40c
    STM_AOI21_0P5                                     um28nchhlogl35hsl140f_ssgwc0p81vn40c
    STM_AOI22_0P5                                     um28nchhlogl35hsl140f_ssgwc0p81vn40c
    STM_AOI31_0P5                                     um28nchhlogl35hsl140f_ssgwc0p81vn40c
    STM_AOI32_1                                       um28nchhlogl35hsl140f_ssgwc0p81vn40c
    STM_AOI211_0P5                                    um28nchhlogl35hsl140f_ssgwc0p81vn40c
    STM_AOI221_0P5                                    um28nchhlogl35hsl140f_ssgwc0p81vn40c
    STM_AOI222_0P5                                    um28nchhlogl35hsl140f_ssgwc0p81vn40c
    STM_BUF_1                                         um28nchhlogl35hsl140f_ssgwc0p81vn40c
    STM_FDPQ_1                                        um28nchhlogl35hsl140f_ssgwc0p81vn40c
    STM_FDPRBQ_1                                      um28nchhlogl35hsl140f_ssgwc0p81vn40c
    STM_FDPRBQ_V2_1                                   um28nchhlogl35hsl140f_ssgwc0p81vn40c
    STM_INV_0P5                                       um28nchhlogl35hsl140f_ssgwc0p81vn40c
    STM_INV_1                                         um28nchhlogl35hsl140f_ssgwc0p81vn40c
    STM_LDPQ_1                                        um28nchhlogl35hsl140f_ssgwc0p81vn40c
    STM_MAJI3_1                                       um28nchhlogl35hsl140f_ssgwc0p81vn40c
    STM_MUX2_0P5                                      um28nchhlogl35hsl140f_ssgwc0p81vn40c
    STM_MUXI2_MG_0P5                                  um28nchhlogl35hsl140f_ssgwc0p81vn40c
    STM_ND2B_MM_0P5                                   um28nchhlogl35hsl140f_ssgwc0p81vn40c
    STM_ND2_0P5                                       um28nchhlogl35hsl140f_ssgwc0p81vn40c
    STM_ND2_G_1                                       um28nchhlogl35hsl140f_ssgwc0p81vn40c
    STM_ND3B_0P5                                      um28nchhlogl35hsl140f_ssgwc0p81vn40c
    STM_ND3_0P5                                       um28nchhlogl35hsl140f_ssgwc0p81vn40c
    STM_ND4_0P5                                       um28nchhlogl35hsl140f_ssgwc0p81vn40c
    STM_NR2B_V1DG_1                                   um28nchhlogl35hsl140f_ssgwc0p81vn40c
    STM_NR2_1                                         um28nchhlogl35hsl140f_ssgwc0p81vn40c
    STM_NR2_S_0P8                                     um28nchhlogl35hsl140f_ssgwc0p81vn40c
    STM_NR2_S_1                                       um28nchhlogl35hsl140f_ssgwc0p81vn40c
    STM_NR3B_MG_0P75                                  um28nchhlogl35hsl140f_ssgwc0p81vn40c
    STM_NR3_G_0P5                                     um28nchhlogl35hsl140f_ssgwc0p81vn40c
    STM_NR4B_1                                        um28nchhlogl35hsl140f_ssgwc0p81vn40c
    STM_NR4_0P5                                       um28nchhlogl35hsl140f_ssgwc0p81vn40c
    STM_OA2BB2_0P5                                    um28nchhlogl35hsl140f_ssgwc0p81vn40c
    STM_OA21_1                                        um28nchhlogl35hsl140f_ssgwc0p81vn40c
    STM_OA22_DG_1                                     um28nchhlogl35hsl140f_ssgwc0p81vn40c
    STM_OA31_1                                        um28nchhlogl35hsl140f_ssgwc0p81vn40c
    STM_OA32_1                                        um28nchhlogl35hsl140f_ssgwc0p81vn40c
    STM_OAI21B_0P5                                    um28nchhlogl35hsl140f_ssgwc0p81vn40c
    STM_OAI21_0P5                                     um28nchhlogl35hsl140f_ssgwc0p81vn40c
    STM_OAI22_0P5                                     um28nchhlogl35hsl140f_ssgwc0p81vn40c
    STM_OAI31_G_0P5                                   um28nchhlogl35hsl140f_ssgwc0p81vn40c
    STM_OAI32_1                                       um28nchhlogl35hsl140f_ssgwc0p81vn40c
    STM_OAI211_0P5                                    um28nchhlogl35hsl140f_ssgwc0p81vn40c
    STM_OAI221_0P5                                    um28nchhlogl35hsl140f_ssgwc0p81vn40c
    STM_OAO211_DG_1                                   um28nchhlogl35hsl140f_ssgwc0p81vn40c
    STM_OAOI211_0P5                                   um28nchhlogl35hsl140f_ssgwc0p81vn40c
    STM_OR2_1                                         um28nchhlogl35hsl140f_ssgwc0p81vn40c
    STM_OR3B_0P5                                      um28nchhlogl35hsl140f_ssgwc0p81vn40c
    STM_OR3_L_0P5                                     um28nchhlogl35hsl140f_ssgwc0p81vn40c
    STM_OR4B_1                                        um28nchhlogl35hsl140f_ssgwc0p81vn40c
    STP_AOI211_1                                      um28nchslogl35hsl140f_ssgwc0p81vn40c
    STQ_TIE0_1                                        um28nchllogl35hsl140f_ssgwc0p81vn40c
1
