 
****************************************
Report : cell
Design : DECOMP_TOP
Version: Q-2019.12-SP5-5
Date   : Wed Nov 10 17:30:43 2021
****************************************

Attributes:
    b - black box (unknown)
    h - hierarchical
    n - noncombinational
    r - removable
    u - contains unmapped logic

Cell                      Reference       Library             Area  Attributes
--------------------------------------------------------------------------------
BPC_DECOMP_ENGINE         BPC_DECOMP                      13397.663780
                                                                    h, n
SR_DECOMP_ENGINE/bcnt_reg[0]
                          STM_FDPRBQ_V2_1 um28nchhlogl35hsl140f_ssgwc0p81vn40c
                                                          2.856000  n
SR_DECOMP_ENGINE/bcnt_reg[1]
                          STM_FDPRBQ_V2_1 um28nchhlogl35hsl140f_ssgwc0p81vn40c
                                                          2.856000  n
SR_DECOMP_ENGINE/bcnt_reg[2]
                          STM_FDPRBQ_V2_1 um28nchhlogl35hsl140f_ssgwc0p81vn40c
                                                          2.856000  n
SR_DECOMP_ENGINE/bcnt_reg[3]
                          STM_FDPRBQ_V2_1 um28nchhlogl35hsl140f_ssgwc0p81vn40c
                                                          2.856000  n
U386                      STQ_TIE0_1      um28nchllogl35hsl140f_ssgwc0p81vn40c
                                                          0.672000  
U387                      STM_NR4_0P5     um28nchhlogl35hsl140f_ssgwc0p81vn40c
                                                          0.840000  
U388                      STM_INV_0P5     um28nchhlogl35hsl140f_ssgwc0p81vn40c
                                                          0.336000  
U389                      STM_AOI222_0P5  um28nchhlogl35hsl140f_ssgwc0p81vn40c
                                                          1.176000  
U390                      STM_NR2_S_1     um28nchhlogl35hsl140f_ssgwc0p81vn40c
                                                          0.504000  
U391                      STM_OAI221_0P5  um28nchhlogl35hsl140f_ssgwc0p81vn40c
                                                          1.008000  
U392                      STM_OAI221_0P5  um28nchhlogl35hsl140f_ssgwc0p81vn40c
                                                          1.008000  
U393                      STM_OAI221_0P5  um28nchhlogl35hsl140f_ssgwc0p81vn40c
                                                          1.008000  
U394                      STM_ND3_1       um28nchhlogl35hsl140f_ssgwc0p81vn40c
                                                          0.672000  
U395                      STM_MUX2AN2_MG_1
                                          um28nchhlogl35hsl140f_ssgwc0p81vn40c
                                                          1.344000  
U396                      STM_AOAI211_0P5 um28nchhlogl35hsl140f_ssgwc0p81vn40c
                                                          0.840000  
U397                      STM_INV_0P5     um28nchhlogl35hsl140f_ssgwc0p81vn40c
                                                          0.336000  
U398                      STM_BUF_1       um28nchhlogl35hsl140f_ssgwc0p81vn40c
                                                          0.504000  
U399                      STM_ND2_0P5     um28nchhlogl35hsl140f_ssgwc0p81vn40c
                                                          0.504000  
U400                      STM_INV_0P5     um28nchhlogl35hsl140f_ssgwc0p81vn40c
                                                          0.336000  
U401                      STM_INV_0P5     um28nchhlogl35hsl140f_ssgwc0p81vn40c
                                                          0.336000  
U402                      STM_INV_0P5     um28nchhlogl35hsl140f_ssgwc0p81vn40c
                                                          0.336000  
U403                      STM_ND2_0P5     um28nchhlogl35hsl140f_ssgwc0p81vn40c
                                                          0.504000  
U404                      STM_ND2_0P5     um28nchhlogl35hsl140f_ssgwc0p81vn40c
                                                          0.504000  
U405                      STM_AN3B_0P5    um28nchhlogl35hsl140f_ssgwc0p81vn40c
                                                          0.840000  
U406                      STM_AOI22_0P5   um28nchhlogl35hsl140f_ssgwc0p81vn40c
                                                          0.840000  
U407                      STM_AOI22_0P5   um28nchhlogl35hsl140f_ssgwc0p81vn40c
                                                          0.840000  
U408                      STM_AOI22_0P5   um28nchhlogl35hsl140f_ssgwc0p81vn40c
                                                          0.840000  
U409                      STM_AOI22_0P5   um28nchhlogl35hsl140f_ssgwc0p81vn40c
                                                          0.840000  
U410                      STM_AOI22_0P5   um28nchhlogl35hsl140f_ssgwc0p81vn40c
                                                          0.840000  
U411                      STM_AOI22_0P5   um28nchhlogl35hsl140f_ssgwc0p81vn40c
                                                          0.840000  
U412                      STM_AOI22_0P5   um28nchhlogl35hsl140f_ssgwc0p81vn40c
                                                          0.840000  
U413                      STM_AOI22_0P5   um28nchhlogl35hsl140f_ssgwc0p81vn40c
                                                          0.840000  
U414                      STM_AOI22_0P5   um28nchhlogl35hsl140f_ssgwc0p81vn40c
                                                          0.840000  
U415                      STM_AOI22_0P5   um28nchhlogl35hsl140f_ssgwc0p81vn40c
                                                          0.840000  
U416                      STM_AOI22_0P5   um28nchhlogl35hsl140f_ssgwc0p81vn40c
                                                          0.840000  
U417                      STM_AOI22_0P5   um28nchhlogl35hsl140f_ssgwc0p81vn40c
                                                          0.840000  
U418                      STM_AOI22_0P5   um28nchhlogl35hsl140f_ssgwc0p81vn40c
                                                          0.840000  
U419                      STM_AOI22_0P5   um28nchhlogl35hsl140f_ssgwc0p81vn40c
                                                          0.840000  
U420                      STM_AOI22_0P5   um28nchhlogl35hsl140f_ssgwc0p81vn40c
                                                          0.840000  
U421                      STM_AOI22_0P5   um28nchhlogl35hsl140f_ssgwc0p81vn40c
                                                          0.840000  
U422                      STM_AOI22_0P5   um28nchhlogl35hsl140f_ssgwc0p81vn40c
                                                          0.840000  
U423                      STM_AOI22_0P5   um28nchhlogl35hsl140f_ssgwc0p81vn40c
                                                          0.840000  
U424                      STM_AOI22_0P5   um28nchhlogl35hsl140f_ssgwc0p81vn40c
                                                          0.840000  
U425                      STM_AOI22_0P5   um28nchhlogl35hsl140f_ssgwc0p81vn40c
                                                          0.840000  
U426                      STM_AOI22_0P5   um28nchhlogl35hsl140f_ssgwc0p81vn40c
                                                          0.840000  
U427                      STM_AOI22_0P5   um28nchhlogl35hsl140f_ssgwc0p81vn40c
                                                          0.840000  
U428                      STM_AOI22_0P5   um28nchhlogl35hsl140f_ssgwc0p81vn40c
                                                          0.840000  
U429                      STM_AOI22_0P5   um28nchhlogl35hsl140f_ssgwc0p81vn40c
                                                          0.840000  
U430                      STM_AOI22_0P5   um28nchhlogl35hsl140f_ssgwc0p81vn40c
                                                          0.840000  
U431                      STM_AOI22_0P5   um28nchhlogl35hsl140f_ssgwc0p81vn40c
                                                          0.840000  
U432                      STM_AOI22_0P5   um28nchhlogl35hsl140f_ssgwc0p81vn40c
                                                          0.840000  
U433                      STM_AOI22_0P5   um28nchhlogl35hsl140f_ssgwc0p81vn40c
                                                          0.840000  
U434                      STM_AOI22_0P5   um28nchhlogl35hsl140f_ssgwc0p81vn40c
                                                          0.840000  
U435                      STM_AOI22_0P5   um28nchhlogl35hsl140f_ssgwc0p81vn40c
                                                          0.840000  
U436                      STM_AOI22_0P5   um28nchhlogl35hsl140f_ssgwc0p81vn40c
                                                          0.840000  
U437                      STM_AOI22_0P5   um28nchhlogl35hsl140f_ssgwc0p81vn40c
                                                          0.840000  
U438                      STM_AOI22_0P5   um28nchhlogl35hsl140f_ssgwc0p81vn40c
                                                          0.840000  
U439                      STM_AOI22_0P5   um28nchhlogl35hsl140f_ssgwc0p81vn40c
                                                          0.840000  
U440                      STM_AOI22_0P5   um28nchhlogl35hsl140f_ssgwc0p81vn40c
                                                          0.840000  
U441                      STM_AOI22_0P5   um28nchhlogl35hsl140f_ssgwc0p81vn40c
                                                          0.840000  
U442                      STM_AOI22_0P5   um28nchhlogl35hsl140f_ssgwc0p81vn40c
                                                          0.840000  
U443                      STM_AOI22_0P5   um28nchhlogl35hsl140f_ssgwc0p81vn40c
                                                          0.840000  
U444                      STM_AOI22_0P5   um28nchhlogl35hsl140f_ssgwc0p81vn40c
                                                          0.840000  
U445                      STM_AOI22_0P5   um28nchhlogl35hsl140f_ssgwc0p81vn40c
                                                          0.840000  
U446                      STM_AOI22_0P5   um28nchhlogl35hsl140f_ssgwc0p81vn40c
                                                          0.840000  
U447                      STM_AOI22_0P5   um28nchhlogl35hsl140f_ssgwc0p81vn40c
                                                          0.840000  
U448                      STM_AOI22_0P5   um28nchhlogl35hsl140f_ssgwc0p81vn40c
                                                          0.840000  
U449                      STM_AOI22_0P5   um28nchhlogl35hsl140f_ssgwc0p81vn40c
                                                          0.840000  
U450                      STM_AOI22_0P5   um28nchhlogl35hsl140f_ssgwc0p81vn40c
                                                          0.840000  
U451                      STM_AOI22_0P5   um28nchhlogl35hsl140f_ssgwc0p81vn40c
                                                          0.840000  
U452                      STM_AOI22_0P5   um28nchhlogl35hsl140f_ssgwc0p81vn40c
                                                          0.840000  
U453                      STM_AOI22_0P5   um28nchhlogl35hsl140f_ssgwc0p81vn40c
                                                          0.840000  
U454                      STM_AOI22_0P5   um28nchhlogl35hsl140f_ssgwc0p81vn40c
                                                          0.840000  
U455                      STM_AOI22_0P5   um28nchhlogl35hsl140f_ssgwc0p81vn40c
                                                          0.840000  
U456                      STM_AOI22_0P5   um28nchhlogl35hsl140f_ssgwc0p81vn40c
                                                          0.840000  
U457                      STM_AOI22_0P5   um28nchhlogl35hsl140f_ssgwc0p81vn40c
                                                          0.840000  
U458                      STM_AOI22_0P5   um28nchhlogl35hsl140f_ssgwc0p81vn40c
                                                          0.840000  
U459                      STM_AOI22_0P5   um28nchhlogl35hsl140f_ssgwc0p81vn40c
                                                          0.840000  
U460                      STM_AOI22_0P5   um28nchhlogl35hsl140f_ssgwc0p81vn40c
                                                          0.840000  
U461                      STM_AOI22_0P5   um28nchhlogl35hsl140f_ssgwc0p81vn40c
                                                          0.840000  
U462                      STM_AOI22_0P5   um28nchhlogl35hsl140f_ssgwc0p81vn40c
                                                          0.840000  
U463                      STM_AOI22_0P5   um28nchhlogl35hsl140f_ssgwc0p81vn40c
                                                          0.840000  
U464                      STM_AOI22_0P5   um28nchhlogl35hsl140f_ssgwc0p81vn40c
                                                          0.840000  
U465                      STM_AOI22_0P5   um28nchhlogl35hsl140f_ssgwc0p81vn40c
                                                          0.840000  
U466                      STM_AOI22_0P5   um28nchhlogl35hsl140f_ssgwc0p81vn40c
                                                          0.840000  
U467                      STM_AOI22_0P5   um28nchhlogl35hsl140f_ssgwc0p81vn40c
                                                          0.840000  
U468                      STM_AOI22_0P5   um28nchhlogl35hsl140f_ssgwc0p81vn40c
                                                          0.840000  
U469                      STM_AOI22_0P5   um28nchhlogl35hsl140f_ssgwc0p81vn40c
                                                          0.840000  
U470                      STM_AOI22_0P5   um28nchhlogl35hsl140f_ssgwc0p81vn40c
                                                          0.840000  
U471                      STM_AOI22_0P5   um28nchhlogl35hsl140f_ssgwc0p81vn40c
                                                          0.840000  
U472                      STM_AOI22_0P5   um28nchhlogl35hsl140f_ssgwc0p81vn40c
                                                          0.840000  
U473                      STM_AOI22_0P5   um28nchhlogl35hsl140f_ssgwc0p81vn40c
                                                          0.840000  
U474                      STM_AOI22_0P5   um28nchhlogl35hsl140f_ssgwc0p81vn40c
                                                          0.840000  
U475                      STM_AOI22_0P5   um28nchhlogl35hsl140f_ssgwc0p81vn40c
                                                          0.840000  
U476                      STM_AOI22_0P5   um28nchhlogl35hsl140f_ssgwc0p81vn40c
                                                          0.840000  
U477                      STM_AOI22_0P5   um28nchhlogl35hsl140f_ssgwc0p81vn40c
                                                          0.840000  
U478                      STM_AOI22_0P5   um28nchhlogl35hsl140f_ssgwc0p81vn40c
                                                          0.840000  
U479                      STM_AOI22_0P5   um28nchhlogl35hsl140f_ssgwc0p81vn40c
                                                          0.840000  
U480                      STM_AOI22_0P5   um28nchhlogl35hsl140f_ssgwc0p81vn40c
                                                          0.840000  
U481                      STM_AOI22_0P5   um28nchhlogl35hsl140f_ssgwc0p81vn40c
                                                          0.840000  
U482                      STM_AOI22_0P5   um28nchhlogl35hsl140f_ssgwc0p81vn40c
                                                          0.840000  
U483                      STM_AOI22_0P5   um28nchhlogl35hsl140f_ssgwc0p81vn40c
                                                          0.840000  
U484                      STM_AOI22_0P5   um28nchhlogl35hsl140f_ssgwc0p81vn40c
                                                          0.840000  
U485                      STM_AOI22_0P5   um28nchhlogl35hsl140f_ssgwc0p81vn40c
                                                          0.840000  
U486                      STM_AOI22_0P5   um28nchhlogl35hsl140f_ssgwc0p81vn40c
                                                          0.840000  
U487                      STM_AOI22_0P5   um28nchhlogl35hsl140f_ssgwc0p81vn40c
                                                          0.840000  
U488                      STM_AOI22_0P5   um28nchhlogl35hsl140f_ssgwc0p81vn40c
                                                          0.840000  
U489                      STM_AOI22_0P5   um28nchhlogl35hsl140f_ssgwc0p81vn40c
                                                          0.840000  
U490                      STM_AOI22_0P5   um28nchhlogl35hsl140f_ssgwc0p81vn40c
                                                          0.840000  
U491                      STM_AOI22_0P5   um28nchhlogl35hsl140f_ssgwc0p81vn40c
                                                          0.840000  
U492                      STM_AOI22_0P5   um28nchhlogl35hsl140f_ssgwc0p81vn40c
                                                          0.840000  
U493                      STM_AOI22_0P5   um28nchhlogl35hsl140f_ssgwc0p81vn40c
                                                          0.840000  
U494                      STM_AOI22_0P5   um28nchhlogl35hsl140f_ssgwc0p81vn40c
                                                          0.840000  
U495                      STM_AOI22_0P5   um28nchhlogl35hsl140f_ssgwc0p81vn40c
                                                          0.840000  
U496                      STM_AOI22_0P5   um28nchhlogl35hsl140f_ssgwc0p81vn40c
                                                          0.840000  
U497                      STM_AOI22_0P5   um28nchhlogl35hsl140f_ssgwc0p81vn40c
                                                          0.840000  
U498                      STM_BUF_1       um28nchhlogl35hsl140f_ssgwc0p81vn40c
                                                          0.504000  
U499                      STM_INV_0P5     um28nchhlogl35hsl140f_ssgwc0p81vn40c
                                                          0.336000  
U500                      STM_INV_0P5     um28nchhlogl35hsl140f_ssgwc0p81vn40c
                                                          0.336000  
U501                      STM_INV_0P5     um28nchhlogl35hsl140f_ssgwc0p81vn40c
                                                          0.336000  
U502                      STM_INV_0P5     um28nchhlogl35hsl140f_ssgwc0p81vn40c
                                                          0.336000  
U503                      STM_INV_0P5     um28nchhlogl35hsl140f_ssgwc0p81vn40c
                                                          0.336000  
U504                      STM_INV_0P5     um28nchhlogl35hsl140f_ssgwc0p81vn40c
                                                          0.336000  
U505                      STM_INV_0P5     um28nchhlogl35hsl140f_ssgwc0p81vn40c
                                                          0.336000  
U506                      STM_INV_0P5     um28nchhlogl35hsl140f_ssgwc0p81vn40c
                                                          0.336000  
U507                      STM_INV_0P5     um28nchhlogl35hsl140f_ssgwc0p81vn40c
                                                          0.336000  
U508                      STM_NR2_1       um28nchhlogl35hsl140f_ssgwc0p81vn40c
                                                          0.504000  
U509                      STM_AO21_0P5    um28nchhlogl35hsl140f_ssgwc0p81vn40c
                                                          0.840000  
U510                      STM_OR2_1       um28nchhlogl35hsl140f_ssgwc0p81vn40c
                                                          0.672000  
U511                      STM_NR2_S_0P8   um28nchhlogl35hsl140f_ssgwc0p81vn40c
                                                          0.504000  
U512                      STM_NR2_S_0P8   um28nchhlogl35hsl140f_ssgwc0p81vn40c
                                                          0.504000  
U513                      STM_INV_0P5     um28nchhlogl35hsl140f_ssgwc0p81vn40c
                                                          0.336000  
U514                      STM_INV_0P5     um28nchhlogl35hsl140f_ssgwc0p81vn40c
                                                          0.336000  
U515                      STM_ND2_0P5     um28nchhlogl35hsl140f_ssgwc0p81vn40c
                                                          0.504000  
U516                      STM_NR2_1       um28nchhlogl35hsl140f_ssgwc0p81vn40c
                                                          0.504000  
U517                      STM_INV_0P5     um28nchhlogl35hsl140f_ssgwc0p81vn40c
                                                          0.336000  
U518                      STM_AOI21_0P5   um28nchhlogl35hsl140f_ssgwc0p81vn40c
                                                          0.672000  
U519                      STM_INV_0P5     um28nchhlogl35hsl140f_ssgwc0p81vn40c
                                                          0.336000  
U520                      STM_NR2_S_0P8   um28nchhlogl35hsl140f_ssgwc0p81vn40c
                                                          0.504000  
U521                      STM_INV_0P5     um28nchhlogl35hsl140f_ssgwc0p81vn40c
                                                          0.336000  
U522                      STM_NR2_S_0P8   um28nchhlogl35hsl140f_ssgwc0p81vn40c
                                                          0.504000  
U523                      STM_INV_0P5     um28nchhlogl35hsl140f_ssgwc0p81vn40c
                                                          0.336000  
U524                      STM_NR2_S_0P8   um28nchhlogl35hsl140f_ssgwc0p81vn40c
                                                          0.504000  
U525                      STM_INV_0P5     um28nchhlogl35hsl140f_ssgwc0p81vn40c
                                                          0.336000  
U526                      STM_NR2_S_0P8   um28nchhlogl35hsl140f_ssgwc0p81vn40c
                                                          0.504000  
U527                      STM_INV_0P5     um28nchhlogl35hsl140f_ssgwc0p81vn40c
                                                          0.336000  
U528                      STM_NR2_S_0P8   um28nchhlogl35hsl140f_ssgwc0p81vn40c
                                                          0.504000  
U529                      STM_INV_0P5     um28nchhlogl35hsl140f_ssgwc0p81vn40c
                                                          0.336000  
U530                      STM_NR2_S_0P8   um28nchhlogl35hsl140f_ssgwc0p81vn40c
                                                          0.504000  
U531                      STM_INV_0P5     um28nchhlogl35hsl140f_ssgwc0p81vn40c
                                                          0.336000  
U532                      STM_NR2_S_0P8   um28nchhlogl35hsl140f_ssgwc0p81vn40c
                                                          0.504000  
U533                      STM_NR2_S_0P8   um28nchhlogl35hsl140f_ssgwc0p81vn40c
                                                          0.504000  
U534                      STM_INV_0P5     um28nchhlogl35hsl140f_ssgwc0p81vn40c
                                                          0.336000  
U535                      STM_NR2_S_0P8   um28nchhlogl35hsl140f_ssgwc0p81vn40c
                                                          0.504000  
U536                      STM_INV_0P5     um28nchhlogl35hsl140f_ssgwc0p81vn40c
                                                          0.336000  
U537                      STM_NR2_S_0P8   um28nchhlogl35hsl140f_ssgwc0p81vn40c
                                                          0.504000  
U538                      STM_INV_0P5     um28nchhlogl35hsl140f_ssgwc0p81vn40c
                                                          0.336000  
U539                      STM_NR2_S_0P8   um28nchhlogl35hsl140f_ssgwc0p81vn40c
                                                          0.504000  
U540                      STM_INV_0P5     um28nchhlogl35hsl140f_ssgwc0p81vn40c
                                                          0.336000  
U541                      STM_NR2_S_0P8   um28nchhlogl35hsl140f_ssgwc0p81vn40c
                                                          0.504000  
U542                      STM_INV_0P5     um28nchhlogl35hsl140f_ssgwc0p81vn40c
                                                          0.336000  
U543                      STM_NR2_S_0P8   um28nchhlogl35hsl140f_ssgwc0p81vn40c
                                                          0.504000  
U544                      STM_INV_0P5     um28nchhlogl35hsl140f_ssgwc0p81vn40c
                                                          0.336000  
U545                      STM_NR2_S_0P8   um28nchhlogl35hsl140f_ssgwc0p81vn40c
                                                          0.504000  
U546                      STM_INV_0P5     um28nchhlogl35hsl140f_ssgwc0p81vn40c
                                                          0.336000  
U547                      STM_NR2_S_0P8   um28nchhlogl35hsl140f_ssgwc0p81vn40c
                                                          0.504000  
U548                      STM_INV_0P5     um28nchhlogl35hsl140f_ssgwc0p81vn40c
                                                          0.336000  
U549                      STM_NR2_S_0P8   um28nchhlogl35hsl140f_ssgwc0p81vn40c
                                                          0.504000  
U550                      STM_INV_0P5     um28nchhlogl35hsl140f_ssgwc0p81vn40c
                                                          0.336000  
U551                      STM_NR2_S_0P8   um28nchhlogl35hsl140f_ssgwc0p81vn40c
                                                          0.504000  
U552                      STM_INV_0P5     um28nchhlogl35hsl140f_ssgwc0p81vn40c
                                                          0.336000  
U553                      STM_NR2_S_0P8   um28nchhlogl35hsl140f_ssgwc0p81vn40c
                                                          0.504000  
U554                      STM_INV_0P5     um28nchhlogl35hsl140f_ssgwc0p81vn40c
                                                          0.336000  
U555                      STM_NR2_S_0P8   um28nchhlogl35hsl140f_ssgwc0p81vn40c
                                                          0.504000  
U556                      STM_INV_0P5     um28nchhlogl35hsl140f_ssgwc0p81vn40c
                                                          0.336000  
U557                      STM_NR2_S_0P8   um28nchhlogl35hsl140f_ssgwc0p81vn40c
                                                          0.504000  
U558                      STM_NR2_S_0P8   um28nchhlogl35hsl140f_ssgwc0p81vn40c
                                                          0.504000  
U559                      STM_INV_0P5     um28nchhlogl35hsl140f_ssgwc0p81vn40c
                                                          0.336000  
U560                      STM_NR2_S_0P8   um28nchhlogl35hsl140f_ssgwc0p81vn40c
                                                          0.504000  
U561                      STM_INV_0P5     um28nchhlogl35hsl140f_ssgwc0p81vn40c
                                                          0.336000  
U562                      STM_NR2_S_0P8   um28nchhlogl35hsl140f_ssgwc0p81vn40c
                                                          0.504000  
U563                      STM_INV_0P5     um28nchhlogl35hsl140f_ssgwc0p81vn40c
                                                          0.336000  
U564                      STM_NR2_S_0P8   um28nchhlogl35hsl140f_ssgwc0p81vn40c
                                                          0.504000  
U565                      STM_INV_0P5     um28nchhlogl35hsl140f_ssgwc0p81vn40c
                                                          0.336000  
U566                      STM_NR2_S_0P8   um28nchhlogl35hsl140f_ssgwc0p81vn40c
                                                          0.504000  
U567                      STM_INV_0P5     um28nchhlogl35hsl140f_ssgwc0p81vn40c
                                                          0.336000  
U568                      STM_NR2_S_0P8   um28nchhlogl35hsl140f_ssgwc0p81vn40c
                                                          0.504000  
U569                      STM_INV_0P5     um28nchhlogl35hsl140f_ssgwc0p81vn40c
                                                          0.336000  
U570                      STM_NR2_S_0P8   um28nchhlogl35hsl140f_ssgwc0p81vn40c
                                                          0.504000  
U571                      STM_INV_0P5     um28nchhlogl35hsl140f_ssgwc0p81vn40c
                                                          0.336000  
U572                      STM_NR2_S_0P8   um28nchhlogl35hsl140f_ssgwc0p81vn40c
                                                          0.504000  
U573                      STM_INV_0P5     um28nchhlogl35hsl140f_ssgwc0p81vn40c
                                                          0.336000  
U574                      STM_NR2_S_0P8   um28nchhlogl35hsl140f_ssgwc0p81vn40c
                                                          0.504000  
U575                      STM_NR2_S_0P8   um28nchhlogl35hsl140f_ssgwc0p81vn40c
                                                          0.504000  
U576                      STM_INV_0P5     um28nchhlogl35hsl140f_ssgwc0p81vn40c
                                                          0.336000  
U577                      STM_NR2_S_0P8   um28nchhlogl35hsl140f_ssgwc0p81vn40c
                                                          0.504000  
U578                      STM_INV_0P5     um28nchhlogl35hsl140f_ssgwc0p81vn40c
                                                          0.336000  
U579                      STM_NR2_S_0P8   um28nchhlogl35hsl140f_ssgwc0p81vn40c
                                                          0.504000  
U580                      STM_INV_0P5     um28nchhlogl35hsl140f_ssgwc0p81vn40c
                                                          0.336000  
U581                      STM_NR2_S_0P8   um28nchhlogl35hsl140f_ssgwc0p81vn40c
                                                          0.504000  
U582                      STM_INV_0P5     um28nchhlogl35hsl140f_ssgwc0p81vn40c
                                                          0.336000  
U583                      STM_NR2_S_0P8   um28nchhlogl35hsl140f_ssgwc0p81vn40c
                                                          0.504000  
U584                      STM_INV_0P5     um28nchhlogl35hsl140f_ssgwc0p81vn40c
                                                          0.336000  
U585                      STM_NR2_S_0P8   um28nchhlogl35hsl140f_ssgwc0p81vn40c
                                                          0.504000  
U586                      STM_INV_0P5     um28nchhlogl35hsl140f_ssgwc0p81vn40c
                                                          0.336000  
U587                      STM_NR2_S_0P8   um28nchhlogl35hsl140f_ssgwc0p81vn40c
                                                          0.504000  
U588                      STM_INV_0P5     um28nchhlogl35hsl140f_ssgwc0p81vn40c
                                                          0.336000  
U589                      STM_NR2_S_0P8   um28nchhlogl35hsl140f_ssgwc0p81vn40c
                                                          0.504000  
U590                      STM_INV_0P5     um28nchhlogl35hsl140f_ssgwc0p81vn40c
                                                          0.336000  
U591                      STM_NR2_S_0P8   um28nchhlogl35hsl140f_ssgwc0p81vn40c
                                                          0.504000  
U592                      STM_INV_0P5     um28nchhlogl35hsl140f_ssgwc0p81vn40c
                                                          0.336000  
U593                      STM_NR2_S_0P8   um28nchhlogl35hsl140f_ssgwc0p81vn40c
                                                          0.504000  
U594                      STM_INV_0P5     um28nchhlogl35hsl140f_ssgwc0p81vn40c
                                                          0.336000  
U595                      STM_NR2_S_0P8   um28nchhlogl35hsl140f_ssgwc0p81vn40c
                                                          0.504000  
U596                      STM_NR2_S_0P8   um28nchhlogl35hsl140f_ssgwc0p81vn40c
                                                          0.504000  
U597                      STM_INV_0P5     um28nchhlogl35hsl140f_ssgwc0p81vn40c
                                                          0.336000  
U598                      STM_NR2_S_0P8   um28nchhlogl35hsl140f_ssgwc0p81vn40c
                                                          0.504000  
U599                      STM_INV_0P5     um28nchhlogl35hsl140f_ssgwc0p81vn40c
                                                          0.336000  
U600                      STM_NR2_S_0P8   um28nchhlogl35hsl140f_ssgwc0p81vn40c
                                                          0.504000  
U601                      STM_INV_0P5     um28nchhlogl35hsl140f_ssgwc0p81vn40c
                                                          0.336000  
U602                      STM_NR2_S_0P8   um28nchhlogl35hsl140f_ssgwc0p81vn40c
                                                          0.504000  
U603                      STM_INV_0P5     um28nchhlogl35hsl140f_ssgwc0p81vn40c
                                                          0.336000  
U604                      STM_NR2_S_0P8   um28nchhlogl35hsl140f_ssgwc0p81vn40c
                                                          0.504000  
U605                      STM_INV_0P5     um28nchhlogl35hsl140f_ssgwc0p81vn40c
                                                          0.336000  
U606                      STM_NR2_S_0P8   um28nchhlogl35hsl140f_ssgwc0p81vn40c
                                                          0.504000  
U607                      STM_INV_0P5     um28nchhlogl35hsl140f_ssgwc0p81vn40c
                                                          0.336000  
U608                      STM_NR2_S_0P8   um28nchhlogl35hsl140f_ssgwc0p81vn40c
                                                          0.504000  
U609                      STM_INV_0P5     um28nchhlogl35hsl140f_ssgwc0p81vn40c
                                                          0.336000  
U610                      STM_NR2_S_0P8   um28nchhlogl35hsl140f_ssgwc0p81vn40c
                                                          0.504000  
U611                      STM_INV_0P5     um28nchhlogl35hsl140f_ssgwc0p81vn40c
                                                          0.336000  
U612                      STM_NR2_S_0P8   um28nchhlogl35hsl140f_ssgwc0p81vn40c
                                                          0.504000  
U613                      STM_INV_0P5     um28nchhlogl35hsl140f_ssgwc0p81vn40c
                                                          0.336000  
U614                      STM_NR2_S_0P8   um28nchhlogl35hsl140f_ssgwc0p81vn40c
                                                          0.504000  
U615                      STM_NR2_S_0P8   um28nchhlogl35hsl140f_ssgwc0p81vn40c
                                                          0.504000  
U616                      STM_INV_0P5     um28nchhlogl35hsl140f_ssgwc0p81vn40c
                                                          0.336000  
U617                      STM_NR2_S_0P8   um28nchhlogl35hsl140f_ssgwc0p81vn40c
                                                          0.504000  
U618                      STM_INV_0P5     um28nchhlogl35hsl140f_ssgwc0p81vn40c
                                                          0.336000  
U619                      STM_NR2_S_0P8   um28nchhlogl35hsl140f_ssgwc0p81vn40c
                                                          0.504000  
U620                      STM_INV_0P5     um28nchhlogl35hsl140f_ssgwc0p81vn40c
                                                          0.336000  
U621                      STM_NR2_S_0P8   um28nchhlogl35hsl140f_ssgwc0p81vn40c
                                                          0.504000  
U622                      STM_INV_0P5     um28nchhlogl35hsl140f_ssgwc0p81vn40c
                                                          0.336000  
U623                      STM_NR2_S_0P8   um28nchhlogl35hsl140f_ssgwc0p81vn40c
                                                          0.504000  
U624                      STM_INV_0P5     um28nchhlogl35hsl140f_ssgwc0p81vn40c
                                                          0.336000  
U625                      STM_NR2_S_0P8   um28nchhlogl35hsl140f_ssgwc0p81vn40c
                                                          0.504000  
U626                      STM_INV_0P5     um28nchhlogl35hsl140f_ssgwc0p81vn40c
                                                          0.336000  
U627                      STM_NR2_S_0P8   um28nchhlogl35hsl140f_ssgwc0p81vn40c
                                                          0.504000  
U628                      STM_INV_0P5     um28nchhlogl35hsl140f_ssgwc0p81vn40c
                                                          0.336000  
U629                      STM_NR2_S_0P8   um28nchhlogl35hsl140f_ssgwc0p81vn40c
                                                          0.504000  
U630                      STM_INV_0P5     um28nchhlogl35hsl140f_ssgwc0p81vn40c
                                                          0.336000  
U631                      STM_NR2_S_0P8   um28nchhlogl35hsl140f_ssgwc0p81vn40c
                                                          0.504000  
U632                      STM_INV_0P5     um28nchhlogl35hsl140f_ssgwc0p81vn40c
                                                          0.336000  
U633                      STM_NR2_S_0P8   um28nchhlogl35hsl140f_ssgwc0p81vn40c
                                                          0.504000  
U634                      STM_NR2_S_0P8   um28nchhlogl35hsl140f_ssgwc0p81vn40c
                                                          0.504000  
U635                      STM_INV_0P5     um28nchhlogl35hsl140f_ssgwc0p81vn40c
                                                          0.336000  
U636                      STM_NR2_S_0P8   um28nchhlogl35hsl140f_ssgwc0p81vn40c
                                                          0.504000  
U637                      STM_INV_0P5     um28nchhlogl35hsl140f_ssgwc0p81vn40c
                                                          0.336000  
U638                      STM_NR2_S_0P8   um28nchhlogl35hsl140f_ssgwc0p81vn40c
                                                          0.504000  
U639                      STM_NR2_S_0P8   um28nchhlogl35hsl140f_ssgwc0p81vn40c
                                                          0.504000  
U640                      STM_ND2_0P5     um28nchhlogl35hsl140f_ssgwc0p81vn40c
                                                          0.504000  
U641                      STM_NR2_S_0P8   um28nchhlogl35hsl140f_ssgwc0p81vn40c
                                                          0.504000  
U642                      STM_NR2_S_0P8   um28nchhlogl35hsl140f_ssgwc0p81vn40c
                                                          0.504000  
U643                      STM_NR2_S_0P8   um28nchhlogl35hsl140f_ssgwc0p81vn40c
                                                          0.504000  
U644                      STM_NR2_S_0P8   um28nchhlogl35hsl140f_ssgwc0p81vn40c
                                                          0.504000  
U645                      STM_NR2_S_0P8   um28nchhlogl35hsl140f_ssgwc0p81vn40c
                                                          0.504000  
U646                      STM_NR2_S_0P8   um28nchhlogl35hsl140f_ssgwc0p81vn40c
                                                          0.504000  
U647                      STM_NR2_S_0P8   um28nchhlogl35hsl140f_ssgwc0p81vn40c
                                                          0.504000  
U648                      STM_NR2_S_0P8   um28nchhlogl35hsl140f_ssgwc0p81vn40c
                                                          0.504000  
U649                      STM_NR2_S_0P8   um28nchhlogl35hsl140f_ssgwc0p81vn40c
                                                          0.504000  
U650                      STM_NR2_S_0P8   um28nchhlogl35hsl140f_ssgwc0p81vn40c
                                                          0.504000  
U651                      STM_NR2_S_0P8   um28nchhlogl35hsl140f_ssgwc0p81vn40c
                                                          0.504000  
U652                      STM_NR2_S_0P8   um28nchhlogl35hsl140f_ssgwc0p81vn40c
                                                          0.504000  
U653                      STM_NR2_S_0P8   um28nchhlogl35hsl140f_ssgwc0p81vn40c
                                                          0.504000  
U654                      STM_NR2_S_0P8   um28nchhlogl35hsl140f_ssgwc0p81vn40c
                                                          0.504000  
U655                      STM_NR2_S_0P8   um28nchhlogl35hsl140f_ssgwc0p81vn40c
                                                          0.504000  
U656                      STM_NR2_S_0P8   um28nchhlogl35hsl140f_ssgwc0p81vn40c
                                                          0.504000  
U657                      STM_NR2_S_0P8   um28nchhlogl35hsl140f_ssgwc0p81vn40c
                                                          0.504000  
U658                      STM_NR2_S_0P8   um28nchhlogl35hsl140f_ssgwc0p81vn40c
                                                          0.504000  
U659                      STM_NR2_S_0P8   um28nchhlogl35hsl140f_ssgwc0p81vn40c
                                                          0.504000  
U660                      STM_NR2_S_0P8   um28nchhlogl35hsl140f_ssgwc0p81vn40c
                                                          0.504000  
U661                      STM_NR2_S_0P8   um28nchhlogl35hsl140f_ssgwc0p81vn40c
                                                          0.504000  
U662                      STM_NR2_S_0P8   um28nchhlogl35hsl140f_ssgwc0p81vn40c
                                                          0.504000  
U663                      STM_NR2_S_0P8   um28nchhlogl35hsl140f_ssgwc0p81vn40c
                                                          0.504000  
U664                      STM_NR2_S_0P8   um28nchhlogl35hsl140f_ssgwc0p81vn40c
                                                          0.504000  
U665                      STM_NR2_S_0P8   um28nchhlogl35hsl140f_ssgwc0p81vn40c
                                                          0.504000  
U666                      STM_NR2_S_0P8   um28nchhlogl35hsl140f_ssgwc0p81vn40c
                                                          0.504000  
U667                      STM_NR2_S_0P8   um28nchhlogl35hsl140f_ssgwc0p81vn40c
                                                          0.504000  
U668                      STM_NR2_S_0P8   um28nchhlogl35hsl140f_ssgwc0p81vn40c
                                                          0.504000  
U669                      STM_NR2_S_0P8   um28nchhlogl35hsl140f_ssgwc0p81vn40c
                                                          0.504000  
U670                      STM_NR2_S_0P8   um28nchhlogl35hsl140f_ssgwc0p81vn40c
                                                          0.504000  
U671                      STM_NR2_S_0P8   um28nchhlogl35hsl140f_ssgwc0p81vn40c
                                                          0.504000  
U672                      STM_NR2_S_0P8   um28nchhlogl35hsl140f_ssgwc0p81vn40c
                                                          0.504000  
U673                      STM_NR2_S_0P8   um28nchhlogl35hsl140f_ssgwc0p81vn40c
                                                          0.504000  
U674                      STM_NR2_S_0P8   um28nchhlogl35hsl140f_ssgwc0p81vn40c
                                                          0.504000  
U675                      STM_NR2_S_0P8   um28nchhlogl35hsl140f_ssgwc0p81vn40c
                                                          0.504000  
U676                      STM_NR2_S_0P8   um28nchhlogl35hsl140f_ssgwc0p81vn40c
                                                          0.504000  
U677                      STM_NR2_S_0P8   um28nchhlogl35hsl140f_ssgwc0p81vn40c
                                                          0.504000  
U678                      STM_NR2_S_0P8   um28nchhlogl35hsl140f_ssgwc0p81vn40c
                                                          0.504000  
U679                      STM_NR2_S_0P8   um28nchhlogl35hsl140f_ssgwc0p81vn40c
                                                          0.504000  
U680                      STM_NR2_S_0P8   um28nchhlogl35hsl140f_ssgwc0p81vn40c
                                                          0.504000  
U681                      STM_NR2_S_0P8   um28nchhlogl35hsl140f_ssgwc0p81vn40c
                                                          0.504000  
U682                      STM_NR2_S_0P8   um28nchhlogl35hsl140f_ssgwc0p81vn40c
                                                          0.504000  
U683                      STM_NR2_S_0P8   um28nchhlogl35hsl140f_ssgwc0p81vn40c
                                                          0.504000  
U684                      STM_NR2_S_0P8   um28nchhlogl35hsl140f_ssgwc0p81vn40c
                                                          0.504000  
U685                      STM_NR2_S_0P8   um28nchhlogl35hsl140f_ssgwc0p81vn40c
                                                          0.504000  
U686                      STM_NR2_S_0P8   um28nchhlogl35hsl140f_ssgwc0p81vn40c
                                                          0.504000  
U687                      STM_NR2_S_0P8   um28nchhlogl35hsl140f_ssgwc0p81vn40c
                                                          0.504000  
U688                      STM_NR2_S_0P8   um28nchhlogl35hsl140f_ssgwc0p81vn40c
                                                          0.504000  
U689                      STM_NR2_S_0P8   um28nchhlogl35hsl140f_ssgwc0p81vn40c
                                                          0.504000  
U690                      STM_NR2_S_0P8   um28nchhlogl35hsl140f_ssgwc0p81vn40c
                                                          0.504000  
U691                      STM_NR2_S_0P8   um28nchhlogl35hsl140f_ssgwc0p81vn40c
                                                          0.504000  
U692                      STM_NR2_S_0P8   um28nchhlogl35hsl140f_ssgwc0p81vn40c
                                                          0.504000  
U693                      STM_NR2_S_0P8   um28nchhlogl35hsl140f_ssgwc0p81vn40c
                                                          0.504000  
U694                      STM_NR2_S_0P8   um28nchhlogl35hsl140f_ssgwc0p81vn40c
                                                          0.504000  
U695                      STM_NR2_S_0P8   um28nchhlogl35hsl140f_ssgwc0p81vn40c
                                                          0.504000  
U696                      STM_NR2_S_0P8   um28nchhlogl35hsl140f_ssgwc0p81vn40c
                                                          0.504000  
U697                      STM_NR2_S_0P8   um28nchhlogl35hsl140f_ssgwc0p81vn40c
                                                          0.504000  
U698                      STM_NR2_S_0P8   um28nchhlogl35hsl140f_ssgwc0p81vn40c
                                                          0.504000  
U699                      STM_NR2_S_0P8   um28nchhlogl35hsl140f_ssgwc0p81vn40c
                                                          0.504000  
U700                      STM_NR2_S_0P8   um28nchhlogl35hsl140f_ssgwc0p81vn40c
                                                          0.504000  
U701                      STM_NR2_S_0P8   um28nchhlogl35hsl140f_ssgwc0p81vn40c
                                                          0.504000  
U702                      STM_NR2_S_0P8   um28nchhlogl35hsl140f_ssgwc0p81vn40c
                                                          0.504000  
U703                      STM_NR2_S_0P8   um28nchhlogl35hsl140f_ssgwc0p81vn40c
                                                          0.504000  
U704                      STM_NR2_S_0P8   um28nchhlogl35hsl140f_ssgwc0p81vn40c
                                                          0.504000  
U705                      STM_AOI22_0P5   um28nchhlogl35hsl140f_ssgwc0p81vn40c
                                                          0.840000  
U706                      STM_ND2_0P5     um28nchhlogl35hsl140f_ssgwc0p81vn40c
                                                          0.504000  
U707                      STM_AOI22_0P5   um28nchhlogl35hsl140f_ssgwc0p81vn40c
                                                          0.840000  
U708                      STM_ND2_0P5     um28nchhlogl35hsl140f_ssgwc0p81vn40c
                                                          0.504000  
U709                      STM_ND2_0P5     um28nchhlogl35hsl140f_ssgwc0p81vn40c
                                                          0.504000  
U710                      STM_ND2_0P5     um28nchhlogl35hsl140f_ssgwc0p81vn40c
                                                          0.504000  
U711                      STM_ND2_0P5     um28nchhlogl35hsl140f_ssgwc0p81vn40c
                                                          0.504000  
U712                      STM_ND2_0P5     um28nchhlogl35hsl140f_ssgwc0p81vn40c
                                                          0.504000  
U713                      STM_ND2_0P5     um28nchhlogl35hsl140f_ssgwc0p81vn40c
                                                          0.504000  
U714                      STM_ND2_0P5     um28nchhlogl35hsl140f_ssgwc0p81vn40c
                                                          0.504000  
U715                      STM_ND2_0P5     um28nchhlogl35hsl140f_ssgwc0p81vn40c
                                                          0.504000  
U716                      STM_ND2_0P5     um28nchhlogl35hsl140f_ssgwc0p81vn40c
                                                          0.504000  
U717                      STM_ND2_0P5     um28nchhlogl35hsl140f_ssgwc0p81vn40c
                                                          0.504000  
U718                      STM_ND2_0P5     um28nchhlogl35hsl140f_ssgwc0p81vn40c
                                                          0.504000  
U719                      STM_ND2_0P5     um28nchhlogl35hsl140f_ssgwc0p81vn40c
                                                          0.504000  
U720                      STM_ND2_0P5     um28nchhlogl35hsl140f_ssgwc0p81vn40c
                                                          0.504000  
U721                      STM_ND2_0P5     um28nchhlogl35hsl140f_ssgwc0p81vn40c
                                                          0.504000  
U722                      STM_ND2_0P5     um28nchhlogl35hsl140f_ssgwc0p81vn40c
                                                          0.504000  
U723                      STM_ND2_0P5     um28nchhlogl35hsl140f_ssgwc0p81vn40c
                                                          0.504000  
U724                      STM_ND2_0P5     um28nchhlogl35hsl140f_ssgwc0p81vn40c
                                                          0.504000  
U725                      STM_ND2_0P5     um28nchhlogl35hsl140f_ssgwc0p81vn40c
                                                          0.504000  
U726                      STM_ND2_0P5     um28nchhlogl35hsl140f_ssgwc0p81vn40c
                                                          0.504000  
U727                      STM_ND2_0P5     um28nchhlogl35hsl140f_ssgwc0p81vn40c
                                                          0.504000  
U728                      STM_ND2_0P5     um28nchhlogl35hsl140f_ssgwc0p81vn40c
                                                          0.504000  
U729                      STM_ND2_0P5     um28nchhlogl35hsl140f_ssgwc0p81vn40c
                                                          0.504000  
U730                      STM_ND2_0P5     um28nchhlogl35hsl140f_ssgwc0p81vn40c
                                                          0.504000  
U731                      STM_ND2_0P5     um28nchhlogl35hsl140f_ssgwc0p81vn40c
                                                          0.504000  
U732                      STM_ND2_0P5     um28nchhlogl35hsl140f_ssgwc0p81vn40c
                                                          0.504000  
U733                      STM_ND2_0P5     um28nchhlogl35hsl140f_ssgwc0p81vn40c
                                                          0.504000  
U734                      STM_ND2_0P5     um28nchhlogl35hsl140f_ssgwc0p81vn40c
                                                          0.504000  
U735                      STM_ND2_0P5     um28nchhlogl35hsl140f_ssgwc0p81vn40c
                                                          0.504000  
U736                      STM_ND2_0P5     um28nchhlogl35hsl140f_ssgwc0p81vn40c
                                                          0.504000  
U737                      STM_ND2_0P5     um28nchhlogl35hsl140f_ssgwc0p81vn40c
                                                          0.504000  
U738                      STM_ND2_0P5     um28nchhlogl35hsl140f_ssgwc0p81vn40c
                                                          0.504000  
U739                      STM_ND2_0P5     um28nchhlogl35hsl140f_ssgwc0p81vn40c
                                                          0.504000  
U740                      STM_ND2_0P5     um28nchhlogl35hsl140f_ssgwc0p81vn40c
                                                          0.504000  
U741                      STM_ND2_0P5     um28nchhlogl35hsl140f_ssgwc0p81vn40c
                                                          0.504000  
U742                      STM_ND2_0P5     um28nchhlogl35hsl140f_ssgwc0p81vn40c
                                                          0.504000  
U743                      STM_ND2_0P5     um28nchhlogl35hsl140f_ssgwc0p81vn40c
                                                          0.504000  
U744                      STM_ND2_0P5     um28nchhlogl35hsl140f_ssgwc0p81vn40c
                                                          0.504000  
U745                      STM_ND2_0P5     um28nchhlogl35hsl140f_ssgwc0p81vn40c
                                                          0.504000  
U746                      STM_ND2_0P5     um28nchhlogl35hsl140f_ssgwc0p81vn40c
                                                          0.504000  
U747                      STM_ND2_0P5     um28nchhlogl35hsl140f_ssgwc0p81vn40c
                                                          0.504000  
U748                      STM_ND2_0P5     um28nchhlogl35hsl140f_ssgwc0p81vn40c
                                                          0.504000  
U749                      STM_ND2_0P5     um28nchhlogl35hsl140f_ssgwc0p81vn40c
                                                          0.504000  
U750                      STM_ND2_0P5     um28nchhlogl35hsl140f_ssgwc0p81vn40c
                                                          0.504000  
U751                      STM_ND2_0P5     um28nchhlogl35hsl140f_ssgwc0p81vn40c
                                                          0.504000  
U752                      STM_ND2_0P5     um28nchhlogl35hsl140f_ssgwc0p81vn40c
                                                          0.504000  
U753                      STM_ND2_0P5     um28nchhlogl35hsl140f_ssgwc0p81vn40c
                                                          0.504000  
U754                      STM_ND2_0P5     um28nchhlogl35hsl140f_ssgwc0p81vn40c
                                                          0.504000  
U755                      STM_ND2_0P5     um28nchhlogl35hsl140f_ssgwc0p81vn40c
                                                          0.504000  
U756                      STM_ND2_0P5     um28nchhlogl35hsl140f_ssgwc0p81vn40c
                                                          0.504000  
U757                      STM_ND2_0P5     um28nchhlogl35hsl140f_ssgwc0p81vn40c
                                                          0.504000  
U758                      STM_ND2_0P5     um28nchhlogl35hsl140f_ssgwc0p81vn40c
                                                          0.504000  
U759                      STM_ND2_0P5     um28nchhlogl35hsl140f_ssgwc0p81vn40c
                                                          0.504000  
U760                      STM_ND2_0P5     um28nchhlogl35hsl140f_ssgwc0p81vn40c
                                                          0.504000  
U761                      STM_ND2_0P5     um28nchhlogl35hsl140f_ssgwc0p81vn40c
                                                          0.504000  
U762                      STM_ND2_0P5     um28nchhlogl35hsl140f_ssgwc0p81vn40c
                                                          0.504000  
U763                      STM_ND2_0P5     um28nchhlogl35hsl140f_ssgwc0p81vn40c
                                                          0.504000  
U764                      STM_ND2_0P5     um28nchhlogl35hsl140f_ssgwc0p81vn40c
                                                          0.504000  
U765                      STM_ND2_0P5     um28nchhlogl35hsl140f_ssgwc0p81vn40c
                                                          0.504000  
U766                      STM_ND2_0P5     um28nchhlogl35hsl140f_ssgwc0p81vn40c
                                                          0.504000  
U767                      STM_ND2_0P5     um28nchhlogl35hsl140f_ssgwc0p81vn40c
                                                          0.504000  
U768                      STM_ND2_0P5     um28nchhlogl35hsl140f_ssgwc0p81vn40c
                                                          0.504000  
U769                      STM_ND2_0P5     um28nchhlogl35hsl140f_ssgwc0p81vn40c
                                                          0.504000  
U770                      STM_ND2_0P5     um28nchhlogl35hsl140f_ssgwc0p81vn40c
                                                          0.504000  
U771                      STM_ND2_0P5     um28nchhlogl35hsl140f_ssgwc0p81vn40c
                                                          0.504000  
U772                      STM_ND2_0P5     um28nchhlogl35hsl140f_ssgwc0p81vn40c
                                                          0.504000  
U773                      STM_OA21_1      um28nchhlogl35hsl140f_ssgwc0p81vn40c
                                                          0.840000  
U774                      STM_OA21_1      um28nchhlogl35hsl140f_ssgwc0p81vn40c
                                                          0.840000  
ZRL_DECOMP_ENGINE         ZRLE_DECOMP                     2420.711964
                                                                    h, n
mode_reg[0]               STM_LDPQ_1      um28nchhlogl35hsl140f_ssgwc0p81vn40c
                                                          1.344000  n
mode_reg[1]               STM_LDPQ_1      um28nchhlogl35hsl140f_ssgwc0p81vn40c
                                                          1.344000  n
--------------------------------------------------------------------------------
Total 397 cells                                           16053.407742
1
