 
****************************************
Report : resources
Design : DECOMP_TOP
Version: Q-2019.12-SP5-5
Date   : Wed Nov 10 17:30:43 2021
****************************************


Resource Report for this hierarchy in file /home/us03145/RTL/rtl/DECOMP_TOP.v
=============================================================================
| Cell           | Module         | Parameters | Contained Operations       |
=============================================================================
| add_x_15       | DW01_inc       | width=4    | SR_DECOMP_ENGINE/add_87 (sr_decomp.v:87) |
   |                |            | SR_DECOMP_ENGINE/add_99 (sr_decomp.v:99) |
=============================================================================


Implementation Report
===============================================================================
|                    |                  | Current            | Set            |
| Cell               | Module           | Implementation     | Implementation |
===============================================================================
| add_x_15           | DW01_inc         | apparch (area)     |                |
===============================================================================

1
