 
****************************************
Report : threshold voltage group
Design : DECOMP_TOP
Version: Q-2019.12-SP5-5
Date   : Wed Nov 10 17:30:47 2021
****************************************

********************************************************************************
                        Threshold Voltage Group Report                         

Vth Group                All                Blackbox           Non-blackbox
Name                    cells                cells                cells
********************************************************************************
HVT35               17547  (99.98%)          0   (0.00%)      17547  (99.98%)   
LVT35                   3   (0.02%)          0   (0.00%)          3   (0.02%)   
SVT35                   1   (0.01%)          0   (0.00%)          1   (0.01%)   
********************************************************************************
Total               17551 (100.00%)          0   (0.00%)      17551 (100.00%)   

Vth Group                All                Blackbox           Non-blackbox
Name                  cell area            cell area            cell area
********************************************************************************
HVT35            16051.06  (99.99%)       0.00   (0.00%)   16051.06  (99.99%)   
LVT35                2.02   (0.01%)       0.00   (0.00%)       2.02   (0.01%)   
SVT35                0.34   (0.00%)       0.00   (0.00%)       0.34   (0.00%)   
********************************************************************************
Total            16053.41 (100.00%)       0.00   (0.00%)   16053.41 (100.00%)   
1
