Information: Updating design information... (UID-85)
Warning: Design 'COMP_TOP' contains 2 high-fanout nets. A fanout number of 1000 will be used for delay calculations involving these nets. (TIM-134)
 
****************************************
Report : constraint
        -all_violators
        -verbose
Design : COMP_TOP
Version: Q-2019.12-SP5-5
Date   : Wed Nov 10 15:47:00 2021
****************************************


  Startpoint: ready_i (input port clocked by clk)
  Endpoint: sop_o (output port clocked by clk)
  Path Group: clk
  Path Type: max

  Des/Clust/Port     Wire Load Model       Library
  ------------------------------------------------
  COMP_TOP           ZeroWLM               um28nchhlogl35hsl140f_ssgwc0p81vn40c

  Point                                    Incr       Path
  -----------------------------------------------------------
  clock clk (rise edge)                0.0000000000
                                                  0.0000000000
  clock network delay (ideal)          0.0000000000
                                                  0.0000000000
  input external delay                 0.0000000000
                                                  0.0000000000 f
  ready_i (in)                         0.0000000000
                                                  0.0000000000 f
  U2627/X (STR_INV_18)                 0.0170903299
                                                  0.0170903299 r
  U2621/X (STR_NR3_G_1P5)              0.0092653539
                                                  0.0263556838 f
  sop_o (out)                          0.0000000000
                                                  0.0263556838 f
  data arrival time                               0.0263556838

  clock clk (rise edge)                0.0250000004
                                                  0.0250000004
  clock network delay (ideal)          0.0000000000
                                                  0.0250000004
  output external delay                0.0000000000
                                                  0.0250000004
  data required time                              0.0250000004
  -----------------------------------------------------------
  data required time                              0.0250000004
  data arrival time                               -0.0263556838
  -----------------------------------------------------------
  slack (VIOLATED)                                -0.0013556834


  Startpoint: ready_i (input port clocked by clk)
  Endpoint: valid_o (output port clocked by clk)
  Path Group: clk
  Path Type: max

  Des/Clust/Port     Wire Load Model       Library
  ------------------------------------------------
  COMP_TOP           ZeroWLM               um28nchhlogl35hsl140f_ssgwc0p81vn40c

  Point                                    Incr       Path
  -----------------------------------------------------------
  clock clk (rise edge)                0.0000000000
                                                  0.0000000000
  clock network delay (ideal)          0.0000000000
                                                  0.0000000000
  input external delay                 0.0000000000
                                                  0.0000000000 f
  ready_i (in)                         0.0000000000
                                                  0.0000000000 f
  U2625/X (STR_INV_18)                 0.0171455219
                                                  0.0171455219 r
  U2623/X (STR_NR2_1P5)                0.0086705666
                                                  0.0258160885 f
  valid_o (out)                        0.0000000000
                                                  0.0258160885 f
  data arrival time                               0.0258160885

  clock clk (rise edge)                0.0250000004
                                                  0.0250000004
  clock network delay (ideal)          0.0000000000
                                                  0.0250000004
  output external delay                0.0000000000
                                                  0.0250000004
  data required time                              0.0250000004
  -----------------------------------------------------------
  data required time                              0.0250000004
  data arrival time                               -0.0258160885
  -----------------------------------------------------------
  slack (VIOLATED)                                -0.0008160882


  Startpoint: ready_i (input port clocked by clk)
  Endpoint: eop_o (output port clocked by clk)
  Path Group: clk
  Path Type: max

  Des/Clust/Port     Wire Load Model       Library
  ------------------------------------------------
  COMP_TOP           ZeroWLM               um28nchhlogl35hsl140f_ssgwc0p81vn40c

  Point                                    Incr       Path
  -----------------------------------------------------------
  clock clk (rise edge)                0.0000000000
                                                  0.0000000000
  clock network delay (ideal)          0.0000000000
                                                  0.0000000000
  input external delay                 0.0000000000
                                                  0.0000000000 f
  ready_i (in)                         0.0000000000
                                                  0.0000000000 f
  U2624/X (STR_INV_18)                 0.0171455219
                                                  0.0171455219 r
  U2622/X (STR_NR2_1P5)                0.0086705666
                                                  0.0258160885 f
  eop_o (out)                          0.0000000000
                                                  0.0258160885 f
  data arrival time                               0.0258160885

  clock clk (rise edge)                0.0250000004
                                                  0.0250000004
  clock network delay (ideal)          0.0000000000
                                                  0.0250000004
  output external delay                0.0000000000
                                                  0.0250000004
  data required time                              0.0250000004
  -----------------------------------------------------------
  data required time                              0.0250000004
  data arrival time                               -0.0258160885
  -----------------------------------------------------------
  slack (VIOLATED)                                -0.0008160882


    Net: data_o[0]

    Capacitance        0.0000000000
  - min_capacitance    0.0000693500
  ------------------------------
    Slack              -0.0000693500  (VIOLATED)


    Net: data_o[1]

    Capacitance        0.0000000000
  - min_capacitance    0.0000693500
  ------------------------------
    Slack              -0.0000693500  (VIOLATED)


    Net: data_o[2]

    Capacitance        0.0000000000
  - min_capacitance    0.0000693500
  ------------------------------
    Slack              -0.0000693500  (VIOLATED)


    Net: data_o[3]

    Capacitance        0.0000000000
  - min_capacitance    0.0000693500
  ------------------------------
    Slack              -0.0000693500  (VIOLATED)


    Net: data_o[4]

    Capacitance        0.0000000000
  - min_capacitance    0.0000693500
  ------------------------------
    Slack              -0.0000693500  (VIOLATED)


    Net: data_o[5]

    Capacitance        0.0000000000
  - min_capacitance    0.0000693500
  ------------------------------
    Slack              -0.0000693500  (VIOLATED)


    Net: data_o[6]

    Capacitance        0.0000000000
  - min_capacitance    0.0000693500
  ------------------------------
    Slack              -0.0000693500  (VIOLATED)


    Net: data_o[7]

    Capacitance        0.0000000000
  - min_capacitance    0.0000693500
  ------------------------------
    Slack              -0.0000693500  (VIOLATED)


    Net: data_o[8]

    Capacitance        0.0000000000
  - min_capacitance    0.0000693500
  ------------------------------
    Slack              -0.0000693500  (VIOLATED)


    Net: data_o[9]

    Capacitance        0.0000000000
  - min_capacitance    0.0000693500
  ------------------------------
    Slack              -0.0000693500  (VIOLATED)


    Net: data_o[10]

    Capacitance        0.0000000000
  - min_capacitance    0.0000693500
  ------------------------------
    Slack              -0.0000693500  (VIOLATED)


    Net: data_o[11]

    Capacitance        0.0000000000
  - min_capacitance    0.0000693500
  ------------------------------
    Slack              -0.0000693500  (VIOLATED)


    Net: data_o[12]

    Capacitance        0.0000000000
  - min_capacitance    0.0000693500
  ------------------------------
    Slack              -0.0000693500  (VIOLATED)


    Net: data_o[13]

    Capacitance        0.0000000000
  - min_capacitance    0.0000693500
  ------------------------------
    Slack              -0.0000693500  (VIOLATED)


    Net: data_o[14]

    Capacitance        0.0000000000
  - min_capacitance    0.0000693500
  ------------------------------
    Slack              -0.0000693500  (VIOLATED)


    Net: data_o[15]

    Capacitance        0.0000000000
  - min_capacitance    0.0000693500
  ------------------------------
    Slack              -0.0000693500  (VIOLATED)


    Net: data_o[16]

    Capacitance        0.0000000000
  - min_capacitance    0.0000693500
  ------------------------------
    Slack              -0.0000693500  (VIOLATED)


    Net: data_o[17]

    Capacitance        0.0000000000
  - min_capacitance    0.0000693500
  ------------------------------
    Slack              -0.0000693500  (VIOLATED)


    Net: data_o[18]

    Capacitance        0.0000000000
  - min_capacitance    0.0000693500
  ------------------------------
    Slack              -0.0000693500  (VIOLATED)


    Net: data_o[19]

    Capacitance        0.0000000000
  - min_capacitance    0.0000693500
  ------------------------------
    Slack              -0.0000693500  (VIOLATED)


    Net: data_o[20]

    Capacitance        0.0000000000
  - min_capacitance    0.0000693500
  ------------------------------
    Slack              -0.0000693500  (VIOLATED)


    Net: data_o[21]

    Capacitance        0.0000000000
  - min_capacitance    0.0000693500
  ------------------------------
    Slack              -0.0000693500  (VIOLATED)


    Net: data_o[22]

    Capacitance        0.0000000000
  - min_capacitance    0.0000693500
  ------------------------------
    Slack              -0.0000693500  (VIOLATED)


    Net: data_o[23]

    Capacitance        0.0000000000
  - min_capacitance    0.0000693500
  ------------------------------
    Slack              -0.0000693500  (VIOLATED)


    Net: data_o[24]

    Capacitance        0.0000000000
  - min_capacitance    0.0000693500
  ------------------------------
    Slack              -0.0000693500  (VIOLATED)


    Net: data_o[25]

    Capacitance        0.0000000000
  - min_capacitance    0.0000693500
  ------------------------------
    Slack              -0.0000693500  (VIOLATED)


    Net: data_o[26]

    Capacitance        0.0000000000
  - min_capacitance    0.0000693500
  ------------------------------
    Slack              -0.0000693500  (VIOLATED)


    Net: data_o[27]

    Capacitance        0.0000000000
  - min_capacitance    0.0000693500
  ------------------------------
    Slack              -0.0000693500  (VIOLATED)


    Net: data_o[28]

    Capacitance        0.0000000000
  - min_capacitance    0.0000693500
  ------------------------------
    Slack              -0.0000693500  (VIOLATED)


    Net: data_o[29]

    Capacitance        0.0000000000
  - min_capacitance    0.0000693500
  ------------------------------
    Slack              -0.0000693500  (VIOLATED)


    Net: data_o[30]

    Capacitance        0.0000000000
  - min_capacitance    0.0000693500
  ------------------------------
    Slack              -0.0000693500  (VIOLATED)


    Net: data_o[31]

    Capacitance        0.0000000000
  - min_capacitance    0.0000693500
  ------------------------------
    Slack              -0.0000693500  (VIOLATED)


    Net: data_o[32]

    Capacitance        0.0000000000
  - min_capacitance    0.0000693500
  ------------------------------
    Slack              -0.0000693500  (VIOLATED)


    Net: data_o[33]

    Capacitance        0.0000000000
  - min_capacitance    0.0000693500
  ------------------------------
    Slack              -0.0000693500  (VIOLATED)


    Net: data_o[34]

    Capacitance        0.0000000000
  - min_capacitance    0.0000693500
  ------------------------------
    Slack              -0.0000693500  (VIOLATED)


    Net: data_o[35]

    Capacitance        0.0000000000
  - min_capacitance    0.0000693500
  ------------------------------
    Slack              -0.0000693500  (VIOLATED)


    Net: data_o[36]

    Capacitance        0.0000000000
  - min_capacitance    0.0000693500
  ------------------------------
    Slack              -0.0000693500  (VIOLATED)


    Net: data_o[37]

    Capacitance        0.0000000000
  - min_capacitance    0.0000693500
  ------------------------------
    Slack              -0.0000693500  (VIOLATED)


    Net: data_o[38]

    Capacitance        0.0000000000
  - min_capacitance    0.0000693500
  ------------------------------
    Slack              -0.0000693500  (VIOLATED)


    Net: data_o[39]

    Capacitance        0.0000000000
  - min_capacitance    0.0000693500
  ------------------------------
    Slack              -0.0000693500  (VIOLATED)


    Net: data_o[40]

    Capacitance        0.0000000000
  - min_capacitance    0.0000693500
  ------------------------------
    Slack              -0.0000693500  (VIOLATED)


    Net: data_o[41]

    Capacitance        0.0000000000
  - min_capacitance    0.0000693500
  ------------------------------
    Slack              -0.0000693500  (VIOLATED)


    Net: data_o[42]

    Capacitance        0.0000000000
  - min_capacitance    0.0000693500
  ------------------------------
    Slack              -0.0000693500  (VIOLATED)


    Net: data_o[43]

    Capacitance        0.0000000000
  - min_capacitance    0.0000693500
  ------------------------------
    Slack              -0.0000693500  (VIOLATED)


    Net: data_o[44]

    Capacitance        0.0000000000
  - min_capacitance    0.0000693500
  ------------------------------
    Slack              -0.0000693500  (VIOLATED)


    Net: data_o[45]

    Capacitance        0.0000000000
  - min_capacitance    0.0000693500
  ------------------------------
    Slack              -0.0000693500  (VIOLATED)


    Net: data_o[46]

    Capacitance        0.0000000000
  - min_capacitance    0.0000693500
  ------------------------------
    Slack              -0.0000693500  (VIOLATED)


    Net: data_o[47]

    Capacitance        0.0000000000
  - min_capacitance    0.0000693500
  ------------------------------
    Slack              -0.0000693500  (VIOLATED)


    Net: data_o[48]

    Capacitance        0.0000000000
  - min_capacitance    0.0000693500
  ------------------------------
    Slack              -0.0000693500  (VIOLATED)


    Net: data_o[49]

    Capacitance        0.0000000000
  - min_capacitance    0.0000693500
  ------------------------------
    Slack              -0.0000693500  (VIOLATED)


    Net: data_o[50]

    Capacitance        0.0000000000
  - min_capacitance    0.0000693500
  ------------------------------
    Slack              -0.0000693500  (VIOLATED)


    Net: data_o[51]

    Capacitance        0.0000000000
  - min_capacitance    0.0000693500
  ------------------------------
    Slack              -0.0000693500  (VIOLATED)


    Net: data_o[52]

    Capacitance        0.0000000000
  - min_capacitance    0.0000693500
  ------------------------------
    Slack              -0.0000693500  (VIOLATED)


    Net: data_o[53]

    Capacitance        0.0000000000
  - min_capacitance    0.0000693500
  ------------------------------
    Slack              -0.0000693500  (VIOLATED)


    Net: data_o[54]

    Capacitance        0.0000000000
  - min_capacitance    0.0000693500
  ------------------------------
    Slack              -0.0000693500  (VIOLATED)


    Net: data_o[55]

    Capacitance        0.0000000000
  - min_capacitance    0.0000693500
  ------------------------------
    Slack              -0.0000693500  (VIOLATED)


    Net: data_o[56]

    Capacitance        0.0000000000
  - min_capacitance    0.0000693500
  ------------------------------
    Slack              -0.0000693500  (VIOLATED)


    Net: data_o[57]

    Capacitance        0.0000000000
  - min_capacitance    0.0000693500
  ------------------------------
    Slack              -0.0000693500  (VIOLATED)


    Net: data_o[58]

    Capacitance        0.0000000000
  - min_capacitance    0.0000693500
  ------------------------------
    Slack              -0.0000693500  (VIOLATED)


    Net: data_o[59]

    Capacitance        0.0000000000
  - min_capacitance    0.0000693500
  ------------------------------
    Slack              -0.0000693500  (VIOLATED)


    Net: data_o[60]

    Capacitance        0.0000000000
  - min_capacitance    0.0000693500
  ------------------------------
    Slack              -0.0000693500  (VIOLATED)


    Net: data_o[61]

    Capacitance        0.0000000000
  - min_capacitance    0.0000693500
  ------------------------------
    Slack              -0.0000693500  (VIOLATED)


    Net: data_o[62]

    Capacitance        0.0000000000
  - min_capacitance    0.0000693500
  ------------------------------
    Slack              -0.0000693500  (VIOLATED)


    Net: data_o[63]

    Capacitance        0.0000000000
  - min_capacitance    0.0000693500
  ------------------------------
    Slack              -0.0000693500  (VIOLATED)


    Net: ready_o

    Capacitance        0.0000000000
  - min_capacitance    0.0000693500
  ------------------------------
    Slack              -0.0000693500  (VIOLATED)


    Design: COMP_TOP

    max_area           0.0000000000
  - Current Area       33025.2734375000
  ------------------------------
    Slack              -33025.2734375000  (VIOLATED)


    Design: COMP_TOP

    max_leakage_power      0.0000000000
  - Current Leakage Power  291.8474426270
  ----------------------------------
    Slack                  -291.8474426270  (VIOLATED)


1
